Component: ARM Compiler 5.06 update 6 (build 750) Tool: armlink [4d35ed]

==============================================================================

Section Cross References

    main.o(.text) refers to w5500control.o(.text) for W5500_Socket_Set
    main.o(.text) refers to w5500.o(.text) for W5500_Interrupt_Process
    main.o(.text) refers to dataprotocol.o(.text) for SetData
    main.o(.text) refers to system.o(.text) for Control
    main.o(.text) refers to delay.o(.text) for delay_ms
    main.o(.text) refers to stm32f4xx_exti.o(.text) for EXTI_GetITStatus
    main.o(.text) refers to send_ypr.o(.text) for Get_ypr
    main.o(.text) refers to balance_pwm.o(.text) for Horizontal_Control
    main.o(.text) refers to stm32f4xx_tim.o(.text) for TIM_GetITStatus
    main.o(.text) refers to ms5837.o(.text) for Deep_Get
    main.o(.text) refers to w5500.o(.data) for W5500_Interrupt
    main.o(.text) refers to w5500control.o(.data) for W5500_Send_Delay_Counter
    system_stm32f4xx.o(.text) refers to system_stm32f4xx.o(.data) for SystemCoreClock
    myiic.o(.text) refers to stm32f4xx_rcc.o(.text) for RCC_AHB1PeriphClockCmd
    myiic.o(.text) refers to stm32f4xx_gpio.o(.text) for GPIO_Init
    myiic.o(.text) refers to delay.o(.text) for delay_us
    ms5837.o(.text) refers to myiic.o(.text) for IIC_Start
    ms5837.o(.text) refers to delay.o(.text) for delay_us
    ms5837.o(.text) refers to dflt_clz.o(x$fpl$dfltu) for __aeabi_ui2d
    ms5837.o(.text) refers to lludivv7m.o(.text) for __aeabi_uldivmod
    ms5837.o(.text) refers to f2d.o(x$fpl$f2d) for __aeabi_f2d
    ms5837.o(.text) refers to dmul.o(x$fpl$dmul) for __aeabi_dmul
    ms5837.o(.text) refers to dfixu.o(x$fpl$dfixu) for __aeabi_d2uiz
    ms5837.o(.text) refers to dfix.o(x$fpl$dfix) for __aeabi_d2iz
    ms5837.o(.text) refers to ddiv.o(x$fpl$ddiv) for __aeabi_ddiv
    ms5837.o(.text) refers to d2f.o(x$fpl$d2f) for __aeabi_d2f
    ms5837.o(.text) refers to ms5837.o(.bss) for Cal_C
    ms5837.o(.text) refers to ms5837.o(.data) for D2_Temp
    stm32_iic.o(.text) refers to stm32f4xx_rcc.o(.text) for RCC_AHB1PeriphClockCmd
    stm32_iic.o(.text) refers to stm32f4xx_gpio.o(.text) for GPIO_Init
    inv_mpu.o(.text) refers to stm32_iic.o(.text) for i2cwrite
    inv_mpu.o(.text) refers to delay.o(.text) for delay_ms
    inv_mpu.o(.text) refers to inv_mpu.o(.data) for st
    inv_mpu.o(.text) refers to noretval__2printf.o(.text) for __2printf
    inv_mpu.o(.text) refers to inv_mpu.o(.constdata) for test
    inv_mpu.o(.text) refers to llsdiv.o(.text) for __aeabi_ldivmod
    inv_mpu.o(.text) refers to memcmp.o(.text) for memcmp
    inv_mpu.o(.text) refers to inv_mpu_dmp_motion_driver.o(.text) for dmp_set_gyro_bias
    inv_mpu.o(.data) refers to inv_mpu.o(.constdata) for reg
    inv_mpu_dmp_motion_driver.o(.text) refers to inv_mpu.o(.text) for mpu_load_firmware
    inv_mpu_dmp_motion_driver.o(.text) refers to inv_mpu_dmp_motion_driver.o(.constdata) for dmp_memory
    inv_mpu_dmp_motion_driver.o(.text) refers to inv_mpu_dmp_motion_driver.o(.bss) for dmp
    inv_mpu_dmp_motion_driver.o(.text) refers to aeabi_memset.o(.text) for __aeabi_memset
    exti.o(.text) refers to stm32f4xx_rcc.o(.text) for RCC_AHB1PeriphClockCmd
    exti.o(.text) refers to stm32f4xx_gpio.o(.text) for GPIO_Init
    exti.o(.text) refers to stm32f4xx_syscfg.o(.text) for SYSCFG_EXTILineConfig
    exti.o(.text) refers to stm32f4xx_exti.o(.text) for EXTI_Init
    exti.o(.text) refers to misc.o(.text) for NVIC_Init
    send_ypr.o(.text) refers to _printf_percent.o(.ARM.Collect$$_printf_percent$$00000000) for _printf_percent
    send_ypr.o(.text) refers to _printf_d.o(.ARM.Collect$$_printf_percent$$00000009) for _printf_d
    send_ypr.o(.text) refers to _printf_dec.o(.text) for _printf_int_dec
    send_ypr.o(.text) refers to inv_mpu.o(.text) for mpu_init
    send_ypr.o(.text) refers to stm32_iic.o(.text) for i2cWrite
    send_ypr.o(.text) refers to delay.o(.text) for delay_ms
    send_ypr.o(.text) refers to noretval__2printf.o(.text) for __2printf
    send_ypr.o(.text) refers to inv_mpu_dmp_motion_driver.o(.text) for dmp_load_motion_driver_firmware
    send_ypr.o(.text) refers to f2d.o(x$fpl$f2d) for __aeabi_f2d
    send_ypr.o(.text) refers to asin.o(i.__hardfp_asin) for __hardfp_asin
    send_ypr.o(.text) refers to dmul.o(x$fpl$dmul) for __aeabi_dmul
    send_ypr.o(.text) refers to d2f.o(x$fpl$d2f) for __aeabi_d2f
    send_ypr.o(.text) refers to atan2.o(i.__hardfp_atan2) for __hardfp_atan2
    send_ypr.o(.text) refers to dflt_clz.o(x$fpl$dflt) for __aeabi_i2d
    send_ypr.o(.text) refers to daddsub_clz.o(x$fpl$dadd) for __aeabi_dadd
    send_ypr.o(.text) refers to dfix.o(x$fpl$dfix) for __aeabi_d2iz
    send_ypr.o(.text) refers to send_ypr.o(.data) for gyro_orientation
    send_ypr.o(.text) refers to send_ypr.o(.bss) for quat
[...]
    i2cInit                                  0x08000c7b   Thumb Code   108  stm32_iic.o(.text)
    i2cWriteBuffer                           0x08000ed7   Thumb Code   100  stm32_iic.o(.text)
    i2cwrite                                 0x08000f3b   Thumb Code    38  stm32_iic.o(.text)
    i2cRead                                  0x08000f61   Thumb Code   120  stm32_iic.o(.text)
    i2cread                                  0x08000fd9   Thumb Code    38  stm32_iic.o(.text)
    i2cWrite                                 0x08000fff   Thumb Code    72  stm32_iic.o(.text)
    i2cGetErrorCounter                       0x08001047   Thumb Code     4  stm32_iic.o(.text)
    mpu_reg_dump                             0x080010df   Thumb Code    72  inv_mpu.o(.text)
    mpu_read_reg                             0x08001127   Thumb Code    66  inv_mpu.o(.text)
    mpu_set_int_latched                      0x08001169   Thumb Code   102  inv_mpu.o(.text)
    mpu_set_sensors                          0x080011cf   Thumb Code   354  inv_mpu.o(.text)
    mpu_set_compass_sample_rate              0x08001331   Thumb Code    92  inv_mpu.o(.text)
    mpu_set_bypass                           0x0800138d   Thumb Code   334  inv_mpu.o(.text)
    mpu_reset_fifo                           0x08001715   Thumb Code   474  inv_mpu.o(.text)
    mpu_configure_fifo                       0x080018ef   Thumb Code   106  inv_mpu.o(.text)
    mpu_set_lpf                              0x08001959   Thumb Code   126  inv_mpu.o(.text)
    mpu_lp_accel_mode                        0x080019d7   Thumb Code   280  inv_mpu.o(.text)
    mpu_set_sample_rate                      0x08001aef   Thumb Code   174  inv_mpu.o(.text)
    mpu_set_accel_fsr                        0x08001b9d   Thumb Code   126  inv_mpu.o(.text)
    mpu_set_gyro_fsr                         0x08001c1b   Thumb Code   138  inv_mpu.o(.text)
    mpu_init                                 0x08001ca5   Thumb Code   286  inv_mpu.o(.text)
    get_ms                                   0x08001dc3   Thumb Code     2  inv_mpu.o(.text)
    mpu_get_gyro_reg                         0x08001dc5   Thumb Code   110  inv_mpu.o(.text)
    mpu_get_accel_reg                        0x08001e33   Thumb Code   110  inv_mpu.o(.text)
    mpu_get_temperature                      0x08001ea1   Thumb Code   142  inv_mpu.o(.text)
    mpu_set_accel_bias                       0x08001f2f   Thumb Code   394  inv_mpu.o(.text)
    mpu_get_gyro_fsr                         0x080020b9   Thumb Code    64  inv_mpu.o(.text)
    mpu_get_accel_fsr                        0x080020f9   Thumb Code    72  inv_mpu.o(.text)
    mpu_get_lpf                              0x08002141   Thumb Code    74  inv_mpu.o(.text)
    mpu_get_sample_rate                      0x0800218b   Thumb Code    26  inv_mpu.o(.text)
    mpu_get_compass_sample_rate              0x080021a5   Thumb Code    12  inv_mpu.o(.text)
    mpu_get_gyro_sens                        0x080021b1   Thumb Code    74  inv_mpu.o(.text)
    mpu_get_accel_sens                       0x080021fb   Thumb Code    78  inv_mpu.o(.text)
    mpu_get_fifo_config                      0x08002249   Thumb Code    12  inv_mpu.o(.text)
    mpu_get_power_state                      0x08002255   Thumb Code    22  inv_mpu.o(.text)
    mpu_get_int_status                       0x0800226b   Thumb Code    64  inv_mpu.o(.text)
    mpu_read_fifo                            0x080022ab   Thumb Code   522  inv_mpu.o(.text)
    mpu_read_fifo_stream                     0x080024b5   Thumb Code   186  inv_mpu.o(.text)
    mpu_set_int_level                        0x0800256f   Thumb Code    12  inv_mpu.o(.text)
    mpu_set_dmp_state                        0x080029e7   Thumb Code   138  inv_mpu.o(.text)
    mpu_run_self_test                        0x08002a71   Thumb Code   168  inv_mpu.o(.text)
    mpu_write_mem                            0x08002b19   Thumb Code   122  inv_mpu.o(.text)
    mpu_read_mem                             0x08002b93   Thumb Code   122  inv_mpu.o(.text)
    mpu_load_firmware                        0x08002c0d   Thumb Code   188  inv_mpu.o(.text)
    mpu_get_dmp_state                        0x08002cc9   Thumb Code    14  inv_mpu.o(.text)
    mpu_get_compass_reg                      0x08002cd7   Thumb Code   202  inv_mpu.o(.text)
    mpu_get_compass_fsr                      0x08002da1   Thumb Code    14  inv_mpu.o(.text)
    mpu_lp_motion_interrupt                  0x08002daf   Thumb Code   606  inv_mpu.o(.text)
    inv_row_2_scale                          0x0800300d   Thumb Code    78  inv_mpu.o(.text)
    inv_orientation_matrix_to_scalar         0x0800305b   Thumb Code    40  inv_mpu.o(.text)
    run_self_test                            0x08003083   Thumb Code   160  inv_mpu.o(.text)
    dmp_load_motion_driver_firmware          0x08003125   Thumb Code    20  inv_mpu_dmp_motion_driver.o(.text)
    dmp_set_orientation                      0x08003139   Thumb Code   290  inv_mpu_dmp_motion_driver.o(.text)
    dmp_set_gyro_bias                        0x0800325b   Thumb Code   294  inv_mpu_dmp_motion_driver.o(.text)
    dmp_set_accel_bias                       0x08003381   Thumb Code   300  inv_mpu_dmp_motion_driver.o(.text)
    dmp_set_fifo_rate                        0x080034ad   Thumb Code   136  inv_mpu_dmp_motion_driver.o(.text)
    dmp_get_fifo_rate                        0x08003535   Thumb Code    12  inv_mpu_dmp_motion_driver.o(.text)
    dmp_set_tap_thresh                       0x08003541   Thumb Code   412  inv_mpu_dmp_motion_driver.o(.text)
    dmp_set_tap_axes                         0x080036dd   Thumb Code    70  inv_mpu_dmp_motion_driver.o(.text)
    dmp_set_tap_count                        0x08003723   Thumb Code    38  inv_mpu_dmp_motion_driver.o(.text)
    dmp_set_tap_time                         0x08003749   Thumb Code    38  inv_mpu_dmp_motion_driver.o(.text)
    dmp_set_tap_time_multi                   0x0800376f   Thumb Code    38  inv_mpu_dmp_motion_driver.o(.text)
    dmp_set_shake_reject_thresh              0x08003795   Thumb Code    56  inv_mpu_dmp_motion_driver.o(.text)
    dmp_set_shake_reject_time                0x080037cd   Thumb Code    38  inv_mpu_dmp_motion_driver.o(.text)
    dmp_set_shake_reject_timeout             0x080037f3   Thumb Code    38  inv_mpu_dmp_motion_driver.o(.text)
    dmp_get_pedometer_step_count             0x08003819   Thumb Code    66  inv_mpu_dmp_motion_driver.o(.text)
    dmp_set_pedometer_step_count             0x0800385b   Thumb Code    42  inv_mpu_dmp_motion_driver.o(.text)
    dmp_get_pedometer_walk_time              0x08003885   Thumb Code    72  inv_mpu_dmp_motion_driver.o(.text)
    dmp_set_pedometer_walk_time              0x080038cd   Thumb Code    48  inv_mpu_dmp_motion_driver.o(.text)
    dmp_enable_6x_lp_quat                    0x080038fd   Thumb Code   100  inv_mpu_dmp_motion_driver.o(.text)
    dmp_enable_lp_quat                       0x08003961   Thumb Code    60  inv_mpu_dmp_motion_driver.o(.text)
    dmp_enable_gyro_cal                      0x0800399d   Thumb Code    62  inv_mpu_dmp_motion_driver.o(.text)
    dmp_enable_feature                       0x080039db   Thumb Code   530  inv_mpu_dmp_motion_driver.o(.text)
    dmp_get_enabled_features                 0x08003bed   Thumb Code    12  inv_mpu_dmp_motion_driver.o(.text)
    dmp_set_interrupt_mode                   0x08003c57   Thumb Code    66  inv_mpu_dmp_motion_driver.o(.text)
    dmp_read_fifo                            0x08003c99   Thumb Code   514  inv_mpu_dmp_motion_driver.o(.text)
    dmp_register_tap_cb                      0x08003e9b   Thumb Code    10  inv_mpu_dmp_motion_driver.o(.text)
    dmp_register_android_orient_cb           0x08003ea5   Thumb Code    10  inv_mpu_dmp_motion_driver.o(.text)
    Mpu_Init                                 0x08003eb5   Thumb Code   162  send_ypr.o(.text)
    Get_ypr                                  0x08003f57   Thumb Code   618  send_ypr.o(.text)
    Update_Magnetometer                      0x080041c1   Thumb Code   420  send_ypr.o(.text)
    Deep_fix                                 0x08004379   Thumb Code   142  balance_pwm.o(.text)
    Double_Balance_Pos                       0x08004407   Thumb Code   254  balance_pwm.o(.text)
    Horizontal_Control                       0x08004505   Thumb Code   532  balance_pwm.o(.text)
    Timer1_Init                              0x080047d5   Thumb Code   100  timer.o(.text)
    TIM3_Int_Init                            0x08004839   Thumb Code    88  timer.o(.text)
    TIM3_IRQHandler                          0x08004891   Thumb Code    44  timer.o(.text)
    SendPwmtoSlave                           0x080048cd   Thumb Code    66  motor.o(.text)
    SendPwm                                  0x0800490f   Thumb Code    88  motor.o(.text)
    Light_Control                            0x08004967   Thumb Code    30  motor.o(.text)
    Forward_Throttle                         0x08004985   Thumb Code    44  motor.o(.text)
    Vertical_Throttle                        0x080049b1   Thumb Code    44  motor.o(.text)
    Servo_Throttle                           0x080049dd   Thumb Code    38  motor.o(.text)
    PWMfresh                                 0x08004a03   Thumb Code   136  motor.o(.text)
    RangeSetting                             0x08004a8b   Thumb Code    48  motor.o(.text)
    System_Init                              0x08004ae5   Thumb Code   154  system.o(.text)
    Data_Init                                0x08004b7f   Thumb Code   166  system.o(.text)
    UpdataPid                                0x08004c25   Thumb Code    74  system.o(.text)
    Control                                  0x08004c6f   Thumb Code    20  system.o(.text)
    Data_Back                                0x08004c83   Thumb Code     8  system.o(.text)
    Deep_Adjust                              0x08004c8b   Thumb Code    28  system.o(.text)
    SendDataToComputer                       0x08004dbd   Thumb Code    44  dataprotocol.o(.text)
    Set                                      0x08004de9   Thumb Code    54  dataprotocol.o(.text)
    SetData                                  0x08004e1f   Thumb Code   152  dataprotocol.o(.text)
    W5500_NVIC_Configuration                 0x08004f01   Thumb Code    32  w5500.o(.text)
    W5500_GPIO_Configuration                 0x08004f21   Thumb Code   128  w5500.o(.text)
    EXTI3_IRQHandler                         0x08004fa1   Thumb Code    24  w5500.o(.text)
    SPI_Configuration                        0x08004fb9   Thumb Code   210  w5500.o(.text)
    SPI1_Send_Byte                           0x0800508b   Thumb Code    28  w5500.o(.text)
    SPI1_Send_Short                          0x080050a7   Thumb Code    28  w5500.o(.text)
    Write_W5500_1Byte                        0x080050c3   Thumb Code    42  w5500.o(.text)
    Write_W5500_2Byte                        0x080050ed   Thumb Code    42  w5500.o(.text)
    Write_W5500_nByte                        0x08005117   Thumb Code    62  w5500.o(.text)
    Write_W5500_SOCK_1Byte                   0x08005155   Thumb Code    54  w5500.o(.text)
    Write_W5500_SOCK_2Byte                   0x0800518b   Thumb Code    54  w5500.o(.text)
    Write_W5500_SOCK_4Byte                   0x080051c1   Thumb Code    80  w5500.o(.text)
    Read_W5500_1Byte                         0x08005211   Thumb Code    58  w5500.o(.text)
    Read_W5500_SOCK_1Byte                    0x0800524b   Thumb Code    70  w5500.o(.text)
    Read_W5500_SOCK_2Byte                    0x08005291   Thumb Code    94  w5500.o(.text)
    Read_SOCK_Data_Buffer                    0x080052ef   Thumb Code   302  w5500.o(.text)
    Write_SOCK_Data_Buffer                   0x0800541d   Thumb Code   256  w5500.o(.text)
    W5500_Hardware_Reset                     0x0800551d   Thumb Code    48  w5500.o(.text)
    W5500_Init                               0x0800554d   Thumb Code   136  w5500.o(.text)
    Detect_Gateway                           0x080055d5   Thumb Code   194  w5500.o(.text)
    Socket_Init                              0x08005697   Thumb Code   104  w5500.o(.text)
    Socket_Connect                           0x080056ff   Thumb Code   114  w5500.o(.text)
    Socket_Listen                            0x08005771   Thumb Code   102  w5500.o(.text)
    Socket_UDP                               0x080057d7   Thumb Code    60  w5500.o(.text)
    W5500_Interrupt_Process                  0x08005813   Thumb Code   180  w5500.o(.text)
    W5500_Initialization                     0x080058d5   Thumb Code    18  w5500control.o(.text)
    Load_Net_Parameters                      0x080058e7   Thumb Code    94  w5500control.o(.text)
    W5500Control_Init                        0x08005945   Thumb Code    24  w5500control.o(.text)
    W5500_Socket_Set                         0x0800595d   Thumb Code   100  w5500control.o(.text)
    Process_Socket_Data                      0x080059c1   Thumb Code     2  w5500control.o(.text)
    Delay                                    0x080059c3   Thumb Code    12  w5500control.o(.text)
    W5500_Send_Data                          0x080059cf   Thumb Code    88  w5500control.o(.text)
    delay_init                               0x08005a49   Thumb Code    52  delay.o(.text)
    delay_us                                 0x08005a7d   Thumb Code    72  delay.o(.text)
    delay_xms                                0x08005ac5   Thumb Code    72  delay.o(.text)
    delay_ms                                 0x08005b0d   Thumb Code    56  delay.o(.text)
    _sys_exit                                0x08005b4d   Thumb Code     6  usart.o(.text)
    fputc                                    0x08005b53   Thumb Code    24  usart.o(.text)
    uart1_init                               0x08005b6b   Thumb Code   164  usart.o(.text)
    uart2_init                               0x08005c0f   Thumb Code   162  usart.o(.text)
    uart3_init                               0x08005cb1   Thumb Code   164  usart.o(.text)
    uart6_init                               0x08005d55   Thumb Code   164  usart.o(.text)
    USART1_IRQHandler                        0x08005df9   Thumb Code   122  usart.o(.text)
    USART2_IRQHandler                        0x08005e73   Thumb Code   122  usart.o(.text)
    USART3_IRQHandler                        0x08005eed   Thumb Code   164  usart.o(.text)
    USART6_IRQHandler                        0x08005f91   Thumb Code   122  usart.o(.text)
    usart_Sendbyte                           0x0800600b   Thumb Code    30  usart.o(.text)
    usart_SendString                         0x08006029   Thumb Code    42  usart.o(.text)
    Reset_Handler                            0x08006061   Thumb Code     8  startup_stm32f40_41xxx.o(.text)
    ADC_IRQHandler                           0x0800607b   Thumb Code     0  startup_stm32f40_41xxx.o(.text)
    CAN1_RX0_IRQHandler                      0x0800607b   Thumb Code     0  startup_stm32f40_41xxx.o(.text)
    CAN1_RX1_IRQHandler                      0x0800607b   Thumb Code     0  startup_stm32f40_41xxx.o(.text)
    CAN1_SCE_IRQHandler                      0x0800607b   Thumb Code     0  startup_stm32f40_41xxx.o(.text)
    CAN1_TX_IRQHandler                       0x0800607b   Thumb Code     0  startup_stm32f40_41xxx.o(.text)
    CAN2_RX0_IRQHandler                      0x0800607b   Thumb Code     0  startup_stm32f40_41xxx.o(.text)
    CAN2_RX1_IRQHandler                      0x0800607b   Thumb Code     0  startup_stm32f40_41xxx.o(.text)
    CAN2_SCE_IRQHandler                      0x0800607b   Thumb Code     0  startup_stm32f40_41xxx.o(.text)
    CAN2_TX_IRQHandler                       0x0800607b   Thumb Code     0  startup_stm32f40_41xxx.o(.text)
    CRYP_IRQHandler                          0x0800607b   Thumb Code     0  startup_stm32f40_41xxx.o(.text)
    DCMI_IRQHandler                          0x0800607b   Thumb Code     0  startup_stm32f40_41xxx.o(.text)
    DMA1_Stream0_IRQHandler                  0x0800607b   Thumb Code     0  startup_stm32f40_41xxx.o(.text)
    DMA1_Stream1_IRQHandler                  0x0800607b   Thumb Code     0  startup_stm32f40_41xxx.o(.text)
    DMA1_Stream2_IRQHandler                  0x0800607b   Thumb Code     0  startup_stm32f40_41xxx.o(.text)
    DMA1_Stream3_IRQHandler                  0x0800607b   Thumb Code     0  startup_stm32f40_41xxx.o(.text)
    DMA1_Stream4_IRQHandler                  0x0800607b   Thumb Code     0  startup_stm32f40_41xxx.o(.text)
    DMA1_Stream5_IRQHandler                  0x0800607b   Thumb Code     0  startup_stm32f40_41xxx.o(.text)
    DMA1_Stream6_IRQHandler                  0x0800607b   Thumb Code     0  startup_stm32f40_41xxx.o(.text)
    DMA1_Stream7_IRQHandler                  0x0800607b   Thumb Code     0  startup_stm32f40_41xxx.o(.text)
    DMA2_Stream0_IRQHandler                  0x0800607b   Thumb Code     0  startup_stm32f40_41xxx.o(.text)
    DMA2_Stream1_IRQHandler                  0x0800607b   Thumb Code     0  startup_stm32f40_41xxx.o(.text)
    DMA2_Stream2_IRQHandler                  0x0800607b   Thumb Code     0  startup_stm32f40_41xxx.o(.text)
    DMA2_Stream3_IRQHandler                  0x0800607b   Thumb Code     0  startup_stm32f40_41xxx.o(.text)
    DMA2_Stream4_IRQHandler                  0x0800607b   Thumb Code     0  startup_stm32f40_41xxx.o(.text)
    DMA2_Stream5_IRQHandler                  0x0800607b   Thumb Code     0  startup_stm32f40_41xxx.o(.text)
    DMA2_Stream6_IRQHandler                  0x0800607b   Thumb Code     0  startup_stm32f40_41xxx.o(.text)
    DMA2_Stream7_IRQHandler                  0x0800607b   Thumb Code     0  startup_stm32f40_41xxx.o(.text)
    ETH_IRQHandler                           0x0800607b   Thumb Code     0  startup_stm32f40_41xxx.o(.text)
    ETH_WKUP_IRQHandler                      0x0800607b   Thumb Code     0  startup_stm32f40_41xxx.o(.text)
    EXTI0_IRQHandler                         0x0800607b   Thumb Code     0  startup_stm32f40_41xxx.o(.text)
    EXTI15_10_IRQHandler                     0x0800607b   Thumb Code     0  startup_stm32f40_41xxx.o(.text)
    EXTI1_IRQHandler                         0x0800607b   Thumb Code     0  startup_stm32f40_41xxx.o(.text)
    EXTI2_IRQHandler                         0x0800607b   Thumb Code     0  startup_stm32f40_41xxx.o(.text)
    EXTI4_IRQHandler                         0x0800607b   Thumb Code     0  startup_stm32f40_41xxx.o(.text)
    FLASH_IRQHandler                         0x0800607b   Thumb Code     0  startup_stm32f40_41xxx.o(.text)
    FPU_IRQHandler                           0x0800607b   Thumb Code     0  startup_stm32f40_41xxx.o(.text)
    FSMC_IRQHandler                          0x0800607b   Thumb Code     0  startup_stm32f40_41xxx.o(.text)
    HASH_RNG_IRQHandler                      0x0800607b   Thumb Code     0  startup_stm32f40_41xxx.o(.text)
    I2C1_ER_IRQHandler                       0x0800607b   Thumb Code     0  startup_stm32f40_41xxx.o(.text)
    I2C1_EV_IRQHandler                       0x0800607b   Thumb Code     0  startup_stm32f40_41xxx.o(.text)
    I2C2_ER_IRQHandler                       0x0800607b   Thumb Code     0  startup_stm32f40_41xxx.o(.text)
    I2C2_EV_IRQHandler                       0x0800607b   Thumb Code     0  startup_stm32f40_41xxx.o(.text)
    I2C3_ER_IRQHandler                       0x0800607b   Thumb Code     0  startup_stm32f40_41xxx.o(.text)
    I2C3_EV_IRQHandler                       0x0800607b   Thumb Code     0  startup_stm32f40_41xxx.o(.text)
    OTG_FS_IRQHandler                        0x0800607b   Thumb Code     0  startup_stm32f40_41xxx.o(.text)
    OTG_FS_WKUP_IRQHandler                   0x0800607b   Thumb Code     0  startup_stm32f40_41xxx.o(.text)
    OTG_HS_EP1_IN_IRQHandler                 0x0800607b   Thumb Code     0  startup_stm32f40_41xxx.o(.text)
    OTG_HS_EP1_OUT_IRQHandler                0x0800607b   Thumb Code     0  startup_stm32f40_41xxx.o(.text)
    OTG_HS_IRQHandler                        0x0800607b   Thumb Code     0  startup_stm32f40_41xxx.o(.text)
    OTG_HS_WKUP_IRQHandler                   0x0800607b   Thumb Code     0  startup_stm32f40_41xxx.o(.text)
    PVD_IRQHandler                           0x0800607b   Thumb Code     0  startup_stm32f40_41xxx.o(.text)
    RCC_IRQHandler                           0x0800607b   Thumb Code     0  startup_stm32f40_41xxx.o(.text)
    RTC_Alarm_IRQHandler                     0x0800607b   Thumb Code     0  startup_stm32f40_41xxx.o(.text)
    RTC_WKUP_IRQHandler                      0x0800607b   Thumb Code     0  startup_stm32f40_41xxx.o(.text)
    SDIO_IRQHandler                          0x0800607b   Thumb Code     0  startup_stm32f40_41xxx.o(.text)
    SPI1_IRQHandler                          0x0800607b   Thumb Code     0  startup_stm32f40_41xxx.o(.text)
    SPI2_IRQHandler                          0x0800607b   Thumb Code     0  startup_stm32f40_41xxx.o(.text)
    SPI3_IRQHandler                          0x0800607b   Thumb Code     0  startup_stm32f40_41xxx.o(.text)
    TAMP_STAMP_IRQHandler                    0x0800607b   Thumb Code     0  startup_stm32f40_41xxx.o(.text)
    TIM1_BRK_TIM9_IRQHandler                 0x0800607b   Thumb Code     0  startup_stm32f40_41xxx.o(.text)
    TIM1_CC_IRQHandler                       0x0800607b   Thumb Code     0  startup_stm32f40_41xxx.o(.text)
    TIM1_TRG_COM_TIM11_IRQHandler            0x0800607b   Thumb Code     0  startup_stm32f40_41xxx.o(.text)
    TIM2_IRQHandler                          0x0800607b   Thumb Code     0  startup_stm32f40_41xxx.o(.text)
    TIM4_IRQHandler                          0x0800607b   Thumb Code     0  startup_stm32f40_41xxx.o(.text)
    TIM5_IRQHandler                          0x0800607b   Thumb Code     0  startup_stm32f40_41xxx.o(.text)
    TIM6_DAC_IRQHandler                      0x0800607b   Thumb Code     0  startup_stm32f40_41xxx.o(.text)
    TIM7_IRQHandler                          0x0800607b   Thumb Code     0  startup_stm32f40_41xxx.o(.text)
    TIM8_BRK_TIM12_IRQHandler                0x0800607b   Thumb Code     0  startup_stm32f40_41xxx.o(.text)
    TIM8_CC_IRQHandler                       0x0800607b   Thumb Code     0  startup_stm32f40_41xxx.o(.text)
    TIM8_TRG_COM_TIM14_IRQHandler            0x0800607b   Thumb Code     0  startup_stm32f40_41xxx.o(.text)
    TIM8_UP_TIM13_IRQHandler                 0x0800607b   Thumb Code     0  startup_stm32f40_41xxx.o(.text)
    UART4_IRQHandler                         0x0800607b   Thumb Code     0  startup_stm32f40_41xxx.o(.text)
    UART5_IRQHandler                         0x0800607b   Thumb Code     0  startup_stm32f40_41xxx.o(.text)
    WWDG_IRQHandler                          0x0800607b   Thumb Code     0  startup_stm32f40_41xxx.o(.text)
    __user_initial_stackheap                 0x0800607d   Thumb Code     0  startup_stm32f40_41xxx.o(.text)
    NVIC_PriorityGroupConfig                 0x080060a1   Thumb Code    10  misc.o(.text)
    NVIC_Init                                0x080060ab   Thumb Code   106  misc.o(.text)
    NVIC_SetVectorTable                      0x08006115   Thumb Code    14  misc.o(.text)
    NVIC_SystemLPConfig                      0x08006123   Thumb Code    34  misc.o(.text)
    SysTick_CLKSourceConfig                  0x08006145   Thumb Code    40  misc.o(.text)
    GPIO_DeInit                              0x08006181   Thumb Code   268  stm32f4xx_gpio.o(.text)
    GPIO_Init                                0x0800628d   Thumb Code   144  stm32f4xx_gpio.o(.text)
    GPIO_StructInit                          0x0800631d   Thumb Code    18  stm32f4xx_gpio.o(.text)
    GPIO_PinLockConfig                       0x0800632f   Thumb Code    34  stm32f4xx_gpio.o(.text)
    GPIO_ReadInputDataBit                    0x08006351   Thumb Code    18  stm32f4xx_gpio.o(.text)
    GPIO_ReadInputData                       0x08006363   Thumb Code     8  stm32f4xx_gpio.o(.text)
    GPIO_ReadOutputDataBit                   0x0800636b   Thumb Code    18  stm32f4xx_gpio.o(.text)
    GPIO_ReadOutputData                      0x0800637d   Thumb Code     8  stm32f4xx_gpio.o(.text)
    GPIO_SetBits                             0x08006385   Thumb Code     4  stm32f4xx_gpio.o(.text)
    GPIO_ResetBits                           0x08006389   Thumb Code     4  stm32f4xx_gpio.o(.text)
    GPIO_WriteBit                            0x0800638d   Thumb Code    10  stm32f4xx_gpio.o(.text)
    GPIO_Write                               0x08006397   Thumb Code     4  stm32f4xx_gpio.o(.text)
    GPIO_ToggleBits                          0x0800639b   Thumb Code     8  stm32f4xx_gpio.o(.text)
    GPIO_PinAFConfig                         0x080063a3   Thumb Code    70  stm32f4xx_gpio.o(.text)
    USART_DeInit                             0x08006415   Thumb Code   206  stm32f4xx_usart.o(.text)
    USART_Init                               0x080064e3   Thumb Code   204  stm32f4xx_usart.o(.text)
    USART_StructInit                         0x080065af   Thumb Code    24  stm32f4xx_usart.o(.text)
    USART_ClockInit                          0x080065c7   Thumb Code    32  stm32f4xx_usart.o(.text)
    USART_ClockStructInit                    0x080065e7   Thumb Code    12  stm32f4xx_usart.o(.text)
    USART_Cmd                                0x080065f3   Thumb Code    24  stm32f4xx_usart.o(.text)
    USART_SetPrescaler                       0x0800660b   Thumb Code    16  stm32f4xx_usart.o(.text)
    USART_OverSampling8Cmd                   0x0800661b   Thumb Code    22  stm32f4xx_usart.o(.text)
    USART_OneBitMethodCmd                    0x08006631   Thumb Code    24  stm32f4xx_usart.o(.text)
    USART_SendData                           0x08006649   Thumb Code     8  stm32f4xx_usart.o(.text)
    USART_ReceiveData                        0x08006651   Thumb Code    10  stm32f4xx_usart.o(.text)
    USART_SetAddress                         0x0800665b   Thumb Code    18  stm32f4xx_usart.o(.text)
    USART_ReceiverWakeUpCmd                  0x0800666d   Thumb Code    24  stm32f4xx_usart.o(.text)
    USART_WakeUpConfig                       0x08006685   Thumb Code    18  stm32f4xx_usart.o(.text)
    USART_LINBreakDetectLengthConfig         0x08006697   Thumb Code    18  stm32f4xx_usart.o(.text)
    USART_LINCmd                             0x080066a9   Thumb Code    24  stm32f4xx_usart.o(.text)
    USART_SendBreak                          0x080066c1   Thumb Code    10  stm32f4xx_usart.o(.text)
    USART_HalfDuplexCmd                      0x080066cb   Thumb Code    24  stm32f4xx_usart.o(.text)
    USART_SetGuardTime                       0x080066e3   Thumb Code    16  stm32f4xx_usart.o(.text)
    USART_SmartCardCmd                       0x080066f3   Thumb Code    24  stm32f4xx_usart.o(.text)
    USART_SmartCardNACKCmd                   0x0800670b   Thumb Code    24  stm32f4xx_usart.o(.text)
    USART_IrDAConfig                         0x08006723   Thumb Code    18  stm32f4xx_usart.o(.text)
    USART_IrDACmd                            0x08006735   Thumb Code    24  stm32f4xx_usart.o(.text)
    USART_DMACmd                             0x0800674d   Thumb Code    18  stm32f4xx_usart.o(.text)
    USART_ITConfig                           0x0800675f   Thumb Code    74  stm32f4xx_usart.o(.text)
    USART_GetFlagStatus                      0x080067a9   Thumb Code    26  stm32f4xx_usart.o(.text)
    USART_ClearFlag                          0x080067c3   Thumb Code    18  stm32f4xx_usart.o(.text)
    USART_GetITStatus                        0x080067d5   Thumb Code   118  stm32f4xx_usart.o(.text)
    USART_ClearITPendingBit                  0x0800684b   Thumb Code    30  stm32f4xx_usart.o(.text)
    TIM_DeInit                               0x08006869   Thumb Code   346  stm32f4xx_tim.o(.text)
    TIM_TimeBaseInit                         0x080069c3   Thumb Code   104  stm32f4xx_tim.o(.text)
    TIM_TimeBaseStructInit                   0x08006a2b   Thumb Code    18  stm32f4xx_tim.o(.text)
    TIM_PrescalerConfig                      0x08006a3d   Thumb Code     6  stm32f4xx_tim.o(.text)
    TIM_CounterModeConfig                    0x08006a43   Thumb Code    18  stm32f4xx_tim.o(.text)
    TIM_SetCounter                           0x08006a55   Thumb Code     4  stm32f4xx_tim.o(.text)
    TIM_SetAutoreload                        0x08006a59   Thumb Code     4  stm32f4xx_tim.o(.text)
    TIM_GetCounter                           0x08006a5d   Thumb Code     6  stm32f4xx_tim.o(.text)
    TIM_GetPrescaler                         0x08006a63   Thumb Code     6  stm32f4xx_tim.o(.text)
    TIM_UpdateDisableConfig                  0x08006a69   Thumb Code    24  stm32f4xx_tim.o(.text)
    TIM_UpdateRequestConfig                  0x08006a81   Thumb Code    24  stm32f4xx_tim.o(.text)
    TIM_ARRPreloadConfig                     0x08006a99   Thumb Code    24  stm32f4xx_tim.o(.text)
    TIM_SelectOnePulseMode                   0x08006ab1   Thumb Code    18  stm32f4xx_tim.o(.text)
    TIM_SetClockDivision                     0x08006ac3   Thumb Code    18  stm32f4xx_tim.o(.text)
    TIM_Cmd                                  0x08006ad5   Thumb Code    24  stm32f4xx_tim.o(.text)
    TIM_OC1Init                              0x08006aed   Thumb Code   114  stm32f4xx_tim.o(.text)
    TIM_OC2Init                              0x08006b5f   Thumb Code   154  stm32f4xx_tim.o(.text)
    TIM_OC3Init                              0x08006bf9   Thumb Code   204  stm32f4xx_tim.o(.text)
    TIM_OC4Init                              0x08006cc5   Thumb Code   112  stm32f4xx_tim.o(.text)
    TIM_OCStructInit                         0x08006d35   Thumb Code    20  stm32f4xx_tim.o(.text)
    TIM_SelectOCxM                           0x08006d49   Thumb Code    86  stm32f4xx_tim.o(.text)
    TIM_SetCompare1                          0x08006d9f   Thumb Code     4  stm32f4xx_tim.o(.text)
    TIM_SetCompare2                          0x08006da3   Thumb Code     4  stm32f4xx_tim.o(.text)
    TIM_SetCompare3                          0x08006da7   Thumb Code     4  stm32f4xx_tim.o(.text)
    TIM_SetCompare4                          0x08006dab   Thumb Code     4  stm32f4xx_tim.o(.text)
    TIM_ForcedOC1Config                      0x08006daf   Thumb Code    18  stm32f4xx_tim.o(.text)
    TIM_ForcedOC2Config                      0x08006dc1   Thumb Code    26  stm32f4xx_tim.o(.text)
    TIM_ForcedOC3Config                      0x08006ddb   Thumb Code    18  stm32f4xx_tim.o(.text)
    TIM_ForcedOC4Config                      0x08006ded   Thumb Code    26  stm32f4xx_tim.o(.text)
    TIM_OC1PreloadConfig                     0x08006e07   Thumb Code    18  stm32f4xx_tim.o(.text)
    TIM_OC2PreloadConfig                     0x08006e19   Thumb Code    26  stm32f4xx_tim.o(.text)
    TIM_OC3PreloadConfig                     0x08006e33   Thumb Code    18  stm32f4xx_tim.o(.text)
    TIM_OC4PreloadConfig                     0x08006e45   Thumb Code    26  stm32f4xx_tim.o(.text)
    TIM_OC1FastConfig                        0x08006e5f   Thumb Code    18  stm32f4xx_tim.o(.text)
    TIM_OC2FastConfig                        0x08006e71   Thumb Code    26  stm32f4xx_tim.o(.text)
    TIM_OC3FastConfig                        0x08006e8b   Thumb Code    18  stm32f4xx_tim.o(.text)
    TIM_OC4FastConfig                        0x08006e9d   Thumb Code    26  stm32f4xx_tim.o(.text)
    TIM_ClearOC1Ref                          0x08006eb7   Thumb Code    18  stm32f4xx_tim.o(.text)
    TIM_ClearOC2Ref                          0x08006ec9   Thumb Code    24  stm32f4xx_tim.o(.text)
    TIM_ClearOC3Ref                          0x08006ee1   Thumb Code    18  stm32f4xx_tim.o(.text)
    TIM_ClearOC4Ref                          0x08006ef3   Thumb Code    24  stm32f4xx_tim.o(.text)
    TIM_OC1PolarityConfig                    0x08006f0b   Thumb Code    18  stm32f4xx_tim.o(.text)
    TIM_OC1NPolarityConfig                   0x08006f1d   Thumb Code    18  stm32f4xx_tim.o(.text)
    TIM_OC2PolarityConfig                    0x08006f2f   Thumb Code    26  stm32f4xx_tim.o(.text)
    TIM_OC2NPolarityConfig                   0x08006f49   Thumb Code    26  stm32f4xx_tim.o(.text)
    TIM_OC3PolarityConfig                    0x08006f63   Thumb Code    26  stm32f4xx_tim.o(.text)
    TIM_OC3NPolarityConfig                   0x08006f7d   Thumb Code    26  stm32f4xx_tim.o(.text)
    TIM_OC4PolarityConfig                    0x08006f97   Thumb Code    26  stm32f4xx_tim.o(.text)
    TIM_CCxCmd                               0x08006fb1   Thumb Code    30  stm32f4xx_tim.o(.text)
    TIM_CCxNCmd                              0x08006fcf   Thumb Code    30  stm32f4xx_tim.o(.text)
    TIM_SetIC4Prescaler                      0x08006fed   Thumb Code    26  stm32f4xx_tim.o(.text)
    TIM_SetIC3Prescaler                      0x08007057   Thumb Code    18  stm32f4xx_tim.o(.text)
    TIM_SetIC2Prescaler                      0x080070b1   Thumb Code    26  stm32f4xx_tim.o(.text)
    TIM_SetIC1Prescaler                      0x08007125   Thumb Code    18  stm32f4xx_tim.o(.text)
    TIM_ICInit                               0x08007171   Thumb Code   110  stm32f4xx_tim.o(.text)
    TIM_ICStructInit                         0x080071df   Thumb Code    18  stm32f4xx_tim.o(.text)
    TIM_PWMIConfig                           0x080071f1   Thumb Code   124  stm32f4xx_tim.o(.text)
    TIM_GetCapture1                          0x0800726d   Thumb Code     6  stm32f4xx_tim.o(.text)
    TIM_GetCapture2                          0x08007273   Thumb Code     6  stm32f4xx_tim.o(.text)
    TIM_GetCapture3                          0x08007279   Thumb Code     6  stm32f4xx_tim.o(.text)
    TIM_GetCapture4                          0x0800727f   Thumb Code     6  stm32f4xx_tim.o(.text)
    TIM_BDTRConfig                           0x08007285   Thumb Code    32  stm32f4xx_tim.o(.text)
    TIM_BDTRStructInit                       0x080072a5   Thumb Code    18  stm32f4xx_tim.o(.text)
    TIM_CtrlPWMOutputs                       0x080072b7   Thumb Code    30  stm32f4xx_tim.o(.text)
    TIM_SelectCOM                            0x080072d5   Thumb Code    24  stm32f4xx_tim.o(.text)
    TIM_CCPreloadControl                     0x080072ed   Thumb Code    24  stm32f4xx_tim.o(.text)
    TIM_ITConfig                             0x08007305   Thumb Code    18  stm32f4xx_tim.o(.text)
    TIM_GenerateEvent                        0x08007317   Thumb Code     4  stm32f4xx_tim.o(.text)
    TIM_GetFlagStatus                        0x0800731b   Thumb Code    18  stm32f4xx_tim.o(.text)
    TIM_ClearFlag                            0x0800732d   Thumb Code     6  stm32f4xx_tim.o(.text)
    TIM_GetITStatus                          0x08007333   Thumb Code    34  stm32f4xx_tim.o(.text)
    TIM_ClearITPendingBit                    0x08007355   Thumb Code     6  stm32f4xx_tim.o(.text)
    TIM_DMAConfig                            0x0800735b   Thumb Code    10  stm32f4xx_tim.o(.text)
    TIM_DMACmd                               0x08007365   Thumb Code    18  stm32f4xx_tim.o(.text)
    TIM_SelectCCDMA                          0x08007377   Thumb Code    24  stm32f4xx_tim.o(.text)
    TIM_InternalClockConfig                  0x0800738f   Thumb Code    12  stm32f4xx_tim.o(.text)
    TIM_SelectInputTrigger                   0x0800739b   Thumb Code    18  stm32f4xx_tim.o(.text)
    TIM_ITRxExternalClockConfig              0x080073ad   Thumb Code    24  stm32f4xx_tim.o(.text)
    TIM_TIxExternalClockConfig               0x080073c5   Thumb Code    62  stm32f4xx_tim.o(.text)
    TIM_ETRConfig                            0x08007403   Thumb Code    28  stm32f4xx_tim.o(.text)
    TIM_ETRClockMode1Config                  0x0800741f   Thumb Code    54  stm32f4xx_tim.o(.text)
    TIM_ETRClockMode2Config                  0x08007455   Thumb Code    32  stm32f4xx_tim.o(.text)
    TIM_SelectOutputTrigger                  0x08007475   Thumb Code    18  stm32f4xx_tim.o(.text)
    TIM_SelectSlaveMode                      0x08007487   Thumb Code    18  stm32f4xx_tim.o(.text)
    TIM_SelectMasterSlaveMode                0x08007499   Thumb Code    18  stm32f4xx_tim.o(.text)
    TIM_EncoderInterfaceConfig               0x080074ab   Thumb Code    66  stm32f4xx_tim.o(.text)
    TIM_SelectHallSensor                     0x080074ed   Thumb Code    24  stm32f4xx_tim.o(.text)
    TIM_RemapConfig                          0x08007505   Thumb Code     6  stm32f4xx_tim.o(.text)
    SYSCFG_DeInit                            0x0800750d   Thumb Code    22  stm32f4xx_syscfg.o(.text)
    SYSCFG_MemoryRemapConfig                 0x08007523   Thumb Code     6  stm32f4xx_syscfg.o(.text)
    SYSCFG_MemorySwappingBank                0x08007529   Thumb Code     6  stm32f4xx_syscfg.o(.text)
    SYSCFG_EXTILineConfig                    0x0800752f   Thumb Code    66  stm32f4xx_syscfg.o(.text)
    SYSCFG_ETH_MediaInterfaceConfig          0x08007571   Thumb Code     8  stm32f4xx_syscfg.o(.text)
    SYSCFG_CompensationCellCmd               0x08007579   Thumb Code     6  stm32f4xx_syscfg.o(.text)
    SYSCFG_GetCompensationCellStatus         0x0800757f   Thumb Code    22  stm32f4xx_syscfg.o(.text)
    RCC_DeInit                               0x080075a1   Thumb Code    82  stm32f4xx_rcc.o(.text)
    RCC_HSEConfig                            0x080075f3   Thumb Code    14  stm32f4xx_rcc.o(.text)
    RCC_GetFlagStatus                        0x08007601   Thumb Code    60  stm32f4xx_rcc.o(.text)
    RCC_WaitForHSEStartUp                    0x0800763d   Thumb Code    56  stm32f4xx_rcc.o(.text)
    RCC_AdjustHSICalibrationValue            0x08007675   Thumb Code    20  stm32f4xx_rcc.o(.text)
    RCC_HSICmd                               0x08007689   Thumb Code     6  stm32f4xx_rcc.o(.text)
    RCC_LSEConfig                            0x0800768f   Thumb Code    46  stm32f4xx_rcc.o(.text)
    RCC_LSICmd                               0x080076bd   Thumb Code     6  stm32f4xx_rcc.o(.text)
    RCC_PLLConfig                            0x080076c3   Thumb Code    32  stm32f4xx_rcc.o(.text)
    RCC_PLLCmd                               0x080076e3   Thumb Code     6  stm32f4xx_rcc.o(.text)
    RCC_PLLI2SConfig                         0x080076e9   Thumb Code    14  stm32f4xx_rcc.o(.text)
    RCC_PLLI2SCmd                            0x080076f7   Thumb Code     6  stm32f4xx_rcc.o(.text)
    RCC_PLLSAIConfig                         0x080076fd   Thumb Code    20  stm32f4xx_rcc.o(.text)
    RCC_PLLSAICmd                            0x08007711   Thumb Code     6  stm32f4xx_rcc.o(.text)
    RCC_ClockSecuritySystemCmd               0x08007717   Thumb Code     6  stm32f4xx_rcc.o(.text)
    RCC_MCO1Config                           0x0800771d   Thumb Code    28  stm32f4xx_rcc.o(.text)
    RCC_MCO2Config                           0x08007739   Thumb Code    28  stm32f4xx_rcc.o(.text)
    RCC_SYSCLKConfig                         0x08007755   Thumb Code    20  stm32f4xx_rcc.o(.text)
    RCC_GetSYSCLKSource                      0x08007769   Thumb Code    12  stm32f4xx_rcc.o(.text)
    RCC_HCLKConfig                           0x08007775   Thumb Code    20  stm32f4xx_rcc.o(.text)
    RCC_PCLK1Config                          0x08007789   Thumb Code    20  stm32f4xx_rcc.o(.text)
    RCC_PCLK2Config                          0x0800779d   Thumb Code    22  stm32f4xx_rcc.o(.text)
    RCC_GetClocksFreq                        0x080077b3   Thumb Code   222  stm32f4xx_rcc.o(.text)
    RCC_RTCCLKConfig                         0x08007891   Thumb Code    54  stm32f4xx_rcc.o(.text)
    RCC_RTCCLKCmd                            0x080078c7   Thumb Code     8  stm32f4xx_rcc.o(.text)
    RCC_BackupResetCmd                       0x080078cf   Thumb Code     8  stm32f4xx_rcc.o(.text)
    RCC_I2SCLKConfig                         0x080078d7   Thumb Code     6  stm32f4xx_rcc.o(.text)
    RCC_SAIPLLI2SClkDivConfig                0x080078dd   Thumb Code    26  stm32f4xx_rcc.o(.text)
    RCC_SAIPLLSAIClkDivConfig                0x080078f7   Thumb Code    28  stm32f4xx_rcc.o(.text)
    RCC_SAIBlockACLKConfig                   0x08007913   Thumb Code    20  stm32f4xx_rcc.o(.text)
    RCC_SAIBlockBCLKConfig                   0x08007927   Thumb Code    20  stm32f4xx_rcc.o(.text)
    RCC_LTDCCLKDivConfig                     0x0800793b   Thumb Code    20  stm32f4xx_rcc.o(.text)
    RCC_TIMCLKPresConfig                     0x0800794f   Thumb Code     6  stm32f4xx_rcc.o(.text)
    RCC_AHB1PeriphClockCmd                   0x08007955   Thumb Code    34  stm32f4xx_rcc.o(.text)
    RCC_AHB2PeriphClockCmd                   0x08007977   Thumb Code    78  stm32f4xx_rcc.o(.text)
    RCC_AHB3PeriphClockCmd                   0x080079c5   Thumb Code    34  stm32f4xx_rcc.o(.text)
    RCC_APB1PeriphClockCmd                   0x080079e7   Thumb Code    34  stm32f4xx_rcc.o(.text)
    RCC_APB2PeriphClockCmd                   0x08007a09   Thumb Code    34  stm32f4xx_rcc.o(.text)
    RCC_AHB1PeriphResetCmd                   0x08007a2b   Thumb Code    34  stm32f4xx_rcc.o(.text)
    RCC_AHB2PeriphResetCmd                   0x08007a4d   Thumb Code    34  stm32f4xx_rcc.o(.text)
    RCC_AHB3PeriphResetCmd                   0x08007a6f   Thumb Code    34  stm32f4xx_rcc.o(.text)
    RCC_APB1PeriphResetCmd                   0x08007a91   Thumb Code    34  stm32f4xx_rcc.o(.text)
    RCC_APB2PeriphResetCmd                   0x08007ab3   Thumb Code    34  stm32f4xx_rcc.o(.text)
    RCC_AHB1PeriphClockLPModeCmd             0x08007ad5   Thumb Code    34  stm32f4xx_rcc.o(.text)
    RCC_AHB2PeriphClockLPModeCmd             0x08007af7   Thumb Code    34  stm32f4xx_rcc.o(.text)
    RCC_AHB3PeriphClockLPModeCmd             0x08007b19   Thumb Code    34  stm32f4xx_rcc.o(.text)
    RCC_APB1PeriphClockLPModeCmd             0x08007b3b   Thumb Code    34  stm32f4xx_rcc.o(.text)
    RCC_APB2PeriphClockLPModeCmd             0x08007b5d   Thumb Code    34  stm32f4xx_rcc.o(.text)
    RCC_LSEModeConfig                        0x08007b7f   Thumb Code    40  stm32f4xx_rcc.o(.text)
    RCC_ITConfig                             0x08007ba7   Thumb Code    34  stm32f4xx_rcc.o(.text)
    RCC_ClearFlag                            0x08007bc9   Thumb Code    18  stm32f4xx_rcc.o(.text)
    RCC_GetITStatus                          0x08007bdb   Thumb Code    22  stm32f4xx_rcc.o(.text)
    RCC_ClearITPendingBit                    0x08007bf1   Thumb Code     8  stm32f4xx_rcc.o(.text)
    SPI_I2S_DeInit                           0x08007bfd   Thumb Code   152  stm32f4xx_spi.o(.text)
    SPI_Init                                 0x08007c95   Thumb Code    60  stm32f4xx_spi.o(.text)
    I2S_Init                                 0x08007cd1   Thumb Code   396  stm32f4xx_spi.o(.text)
    SPI_StructInit                           0x08007e5d   Thumb Code    24  stm32f4xx_spi.o(.text)
    I2S_StructInit                           0x08007e75   Thumb Code    20  stm32f4xx_spi.o(.text)
    SPI_Cmd                                  0x08007e89   Thumb Code    24  stm32f4xx_spi.o(.text)
    I2S_Cmd                                  0x08007ea1   Thumb Code    24  stm32f4xx_spi.o(.text)
    SPI_DataSizeConfig                       0x08007eb9   Thumb Code    18  stm32f4xx_spi.o(.text)
    SPI_BiDirectionalLineConfig              0x08007ecb   Thumb Code    28  stm32f4xx_spi.o(.text)
    SPI_NSSInternalSoftwareConfig            0x08007ee7   Thumb Code    30  stm32f4xx_spi.o(.text)
    SPI_SSOutputCmd                          0x08007f05   Thumb Code    24  stm32f4xx_spi.o(.text)
    SPI_TIModeCmd                            0x08007f1d   Thumb Code    24  stm32f4xx_spi.o(.text)
    I2S_FullDuplexConfig                     0x08007f35   Thumb Code    80  stm32f4xx_spi.o(.text)
    SPI_I2S_ReceiveData                      0x08007f85   Thumb Code     6  stm32f4xx_spi.o(.text)
    SPI_I2S_SendData                         0x08007f8b   Thumb Code     4  stm32f4xx_spi.o(.text)
    SPI_CalculateCRC                         0x08007f8f   Thumb Code    24  stm32f4xx_spi.o(.text)
    SPI_TransmitCRC                          0x08007fa7   Thumb Code    10  stm32f4xx_spi.o(.text)
    SPI_GetCRC                               0x08007fb1   Thumb Code    16  stm32f4xx_spi.o(.text)
    SPI_GetCRCPolynomial                     0x08007fc1   Thumb Code     6  stm32f4xx_spi.o(.text)
    SPI_I2S_DMACmd                           0x08007fc7   Thumb Code    18  stm32f4xx_spi.o(.text)
    SPI_I2S_ITConfig                         0x08007fd9   Thumb Code    68  stm32f4xx_spi.o(.text)
    SPI_I2S_GetFlagStatus                    0x0800801d   Thumb Code    18  stm32f4xx_spi.o(.text)
    SPI_I2S_ClearFlag                        0x0800802f   Thumb Code     6  stm32f4xx_spi.o(.text)
    SPI_I2S_GetITStatus                      0x08008035   Thumb Code    52  stm32f4xx_spi.o(.text)
    SPI_I2S_ClearITPendingBit                0x08008069   Thumb Code    20  stm32f4xx_spi.o(.text)
    EXTI_DeInit                              0x0800807d   Thumb Code    28  stm32f4xx_exti.o(.text)
    EXTI_Init                                0x08008099   Thumb Code   142  stm32f4xx_exti.o(.text)
    EXTI_StructInit                          0x08008127   Thumb Code    16  stm32f4xx_exti.o(.text)
    EXTI_GenerateSWInterrupt                 0x08008137   Thumb Code    16  stm32f4xx_exti.o(.text)
    EXTI_GetFlagStatus                       0x08008147   Thumb Code    22  stm32f4xx_exti.o(.text)
    EXTI_ClearFlag                           0x0800815d   Thumb Code     8  stm32f4xx_exti.o(.text)
    EXTI_GetITStatus                         0x08008165   Thumb Code    22  stm32f4xx_exti.o(.text)
    EXTI_ClearITPendingBit                   0x0800817b   Thumb Code     8  stm32f4xx_exti.o(.text)
    __use_no_semihosting                     0x0800818d   Thumb Code     2  use_no_semi_2.o(.text)
    __aeabi_uldivmod                         0x0800818f   Thumb Code     0  lludivv7m.o(.text)
    _ll_udiv                                 0x0800818f   Thumb Code   238  lludivv7m.o(.text)
    __aeabi_ldivmod                          0x0800827d   Thumb Code     0  llsdiv.o(.text)
    _ll_sdiv                                 0x0800827d   Thumb Code    72  llsdiv.o(.text)
    __2printf                                0x080082c5   Thumb Code    20  noretval__2printf.o(.text)
    __printf                                 0x080082dd   Thumb Code   104  __printf.o(.text)
    _printf_int_dec                          0x08008345   Thumb Code   104  _printf_dec.o(.text)
    memcmp                                   0x080083bd   Thumb Code    88  memcmp.o(.text)
    __aeabi_memcpy4                          0x08008415   Thumb Code     0  rt_memcpy_w.o(.text)
    __aeabi_memcpy8                          0x08008415   Thumb Code     0  rt_memcpy_w.o(.text)
    __rt_memcpy_w                            0x08008415   Thumb Code   100  rt_memcpy_w.o(.text)
    _memcpy_lastbytes_aligned                0x0800845d   Thumb Code     0  rt_memcpy_w.o(.text)
    __aeabi_memset                           0x08008479   Thumb Code    16  aeabi_memset.o(.text)
    __use_two_region_memory                  0x08008489   Thumb Code     2  heapauxi.o(.text)
    __rt_heap_escrow$2region                 0x0800848b   Thumb Code     2  heapauxi.o(.text)
    __rt_heap_expand$2region                 0x0800848d   Thumb Code     2  heapauxi.o(.text)
    __I$use$semihosting                      0x0800848f   Thumb Code     0  use_no_semi.o(.text)
    __use_no_semihosting_swi                 0x0800848f   Thumb Code     2  use_no_semi.o(.text)
    __read_errno                             0x08008491   Thumb Code    10  _rserrno.o(.text)
    __set_errno                              0x0800849b   Thumb Code    12  _rserrno.o(.text)
    _printf_int_common                       0x080084a7   Thumb Code   178  _printf_intcommon.o(.text)
    __lib_sel_fp_printf                      0x08008559   Thumb Code     2  _printf_fp_dec.o(.text)
    _printf_fp_dec_real                      0x0800870b   Thumb Code   620  _printf_fp_dec.o(.text)
    _printf_char_file                        0x08008979   Thumb Code    32  _printf_char_file.o(.text)
    __aeabi_memclr                           0x0800899d   Thumb Code     0  rt_memclr.o(.text)
    __rt_memclr                              0x0800899d   Thumb Code    68  rt_memclr.o(.text)
    _memset                                  0x080089a1   Thumb Code     0  rt_memclr.o(.text)
    __rt_locale                              0x080089e1   Thumb Code     8  rt_locale_intlibspace.o(.text)
    __aeabi_errno_addr                       0x080089e9   Thumb Code     8  rt_errno_addr_intlibspace.o(.text)
    __errno$intlibspace                      0x080089e9   Thumb Code     0  rt_errno_addr_intlibspace.o(.text)
    __rt_errno_addr$intlibspace              0x080089e9   Thumb Code     0  rt_errno_addr_intlibspace.o(.text)
    _ll_udiv10                               0x080089f1   Thumb Code   138  lludiv10.o(.text)
    _printf_char_common                      0x08008a87   Thumb Code    32  _printf_char_common.o(.text)
    _printf_fp_infnan                        0x08008aad   Thumb Code   112  _printf_fp_infnan.o(.text)
    _btod_etento                             0x08008b2d   Thumb Code   224  bigflt0.o(.text)
    ferror                                   0x08008c11   Thumb Code     8  ferror.o(.text)
    __aeabi_memclr4                          0x08008c19   Thumb Code     0  rt_memclr_w.o(.text)
    __aeabi_memclr8                          0x08008c19   Thumb Code     0  rt_memclr_w.o(.text)
    __rt_memclr_w                            0x08008c19   Thumb Code    78  rt_memclr_w.o(.text)
    _memset_w                                0x08008c1d   Thumb Code     0  rt_memclr_w.o(.text)
    __user_libspace                          0x08008c69   Thumb Code     8  libspace.o(.text)
    __user_perproc_libspace                  0x08008c69   Thumb Code     0  libspace.o(.text)
    __user_perthread_libspace                0x08008c69   Thumb Code     0  libspace.o(.text)
    __user_setup_stackheap                   0x08008c71   Thumb Code    74  sys_stackheap_outer.o(.text)
    exit                                     0x08008cbb   Thumb Code    18  exit.o(.text)
    strcmp                                   0x08008ccd   Thumb Code   128  strcmpv7m.o(.text)
    _btod_d2e                                0x08008d4d   Thumb Code    62  btod.o(CL$$btod_d2e)
    _d2e_denorm_low                          0x08008d8b   Thumb Code    70  btod.o(CL$$btod_d2e_denorm_low)
    _d2e_norm_op1                            0x08008dd1   Thumb Code    96  btod.o(CL$$btod_d2e_norm_op1)
    __btod_div_common                        0x08008e31   Thumb Code   696  btod.o(CL$$btod_div_common)
    _e2e                                     0x08009169   Thumb Code   220  btod.o(CL$$btod_e2e)
    _btod_ediv                               0x08009245   Thumb Code    42  btod.o(CL$$btod_ediv)
    _btod_emul                               0x0800926f   Thumb Code    42  btod.o(CL$$btod_emul)
    __btod_mult_common                       0x08009299   Thumb Code   580  btod.o(CL$$btod_mult_common)
    __ARM_fpclassify                         0x080094dd   Thumb Code    48  fpclassify.o(i.__ARM_fpclassify)
    __hardfp_asin                            0x08009511   Thumb Code   770  asin.o(i.__hardfp_asin)
    __hardfp_atan                            0x08009871   Thumb Code   622  atan.o(i.__hardfp_atan)
    __hardfp_atan2                           0x08009b49   Thumb Code   432  atan2.o(i.__hardfp_atan2)
    __kernel_poly                            0x08009d39   Thumb Code   248  poly.o(i.__kernel_poly)
    __mathlib_dbl_infnan                     0x08009e31   Thumb Code    20  dunder.o(i.__mathlib_dbl_infnan)
    __mathlib_dbl_infnan2                    0x08009e45   Thumb Code    20  dunder.o(i.__mathlib_dbl_infnan2)
    __mathlib_dbl_invalid                    0x08009e59   Thumb Code    24  dunder.o(i.__mathlib_dbl_invalid)
    __mathlib_dbl_underflow                  0x08009e79   Thumb Code    24  dunder.o(i.__mathlib_dbl_underflow)
    atan                                     0x08009e99   Thumb Code    16  atan.o(i.atan)
    fabs                                     0x08009ea9   Thumb Code    24  fabs.o(i.fabs)
    sqrt                                     0x08009ec1   Thumb Code   110  sqrt.o(i.sqrt)
    _get_lc_numeric                          0x08009f31   Thumb Code    44  lc_numeric_c.o(locale$$code)
    __aeabi_dneg                             0x08009f5d   Thumb Code     0  basic.o(x$fpl$basic)
    _dneg                                    0x08009f5d   Thumb Code     6  basic.o(x$fpl$basic)
    __aeabi_fneg                             0x08009f63   Thumb Code     0  basic.o(x$fpl$basic)
    _fneg                                    0x08009f63   Thumb Code     6  basic.o(x$fpl$basic)
    _dabs                                    0x08009f69   Thumb Code     6  basic.o(x$fpl$basic)
    _fabs                                    0x08009f6f   Thumb Code     6  basic.o(x$fpl$basic)
    __aeabi_d2f                              0x08009f75   Thumb Code     0  d2f.o(x$fpl$d2f)
    _d2f                                     0x08009f75   Thumb Code    98  d2f.o(x$fpl$d2f)
    __aeabi_dadd                             0x08009fd9   Thumb Code     0  daddsub_clz.o(x$fpl$dadd)
    _dadd                                    0x08009fd9   Thumb Code   332  daddsub_clz.o(x$fpl$dadd)
    __aeabi_ddiv                             0x0800a129   Thumb Code     0  ddiv.o(x$fpl$ddiv)
    _ddiv                                    0x0800a129   Thumb Code   552  ddiv.o(x$fpl$ddiv)
    __aeabi_d2iz                             0x0800a3d9   Thumb Code     0  dfix.o(x$fpl$dfix)
    _dfix                                    0x0800a3d9   Thumb Code    94  dfix.o(x$fpl$dfix)
    __aeabi_d2uiz                            0x0800a439   Thumb Code     0  dfixu.o(x$fpl$dfixu)
    _dfixu                                   0x0800a439   Thumb Code    90  dfixu.o(x$fpl$dfixu)
    __aeabi_i2d                              0x0800a493   Thumb Code     0  dflt_clz.o(x$fpl$dflt)
    _dflt                                    0x0800a493   Thumb Code    46  dflt_clz.o(x$fpl$dflt)
    __aeabi_ui2d                             0x0800a4c1   Thumb Code     0  dflt_clz.o(x$fpl$dfltu)
    _dfltu                                   0x0800a4c1   Thumb Code    38  dflt_clz.o(x$fpl$dfltu)
    __aeabi_dmul                             0x0800a4e9   Thumb Code     0  dmul.o(x$fpl$dmul)
    _dmul                                    0x0800a4e9   Thumb Code   332  dmul.o(x$fpl$dmul)
    __fpl_dnaninf                            0x0800a63d   Thumb Code   156  dnaninf.o(x$fpl$dnaninf)
    __fpl_dretinf                            0x0800a6d9   Thumb Code    12  dretinf.o(x$fpl$dretinf)
    __aeabi_drsub                            0x0800a6e5   Thumb Code     0  daddsub_clz.o(x$fpl$drsb)
    _drsb                                    0x0800a6e5   Thumb Code    22  daddsub_clz.o(x$fpl$drsb)
    _dsqrt                                   0x0800a6fd   Thumb Code   404  dsqrt_umaal.o(x$fpl$dsqrt)
    __aeabi_dsub                             0x0800a895   Thumb Code     0  daddsub_clz.o(x$fpl$dsub)
    _dsub                                    0x0800a895   Thumb Code   464  daddsub_clz.o(x$fpl$dsub)
    __aeabi_f2d                              0x0800aa69   Thumb Code     0  f2d.o(x$fpl$f2d)
    _f2d                                     0x0800aa69   Thumb Code    86  f2d.o(x$fpl$f2d)
    __fpl_fnaninf                            0x0800aabf   Thumb Code   140  fnaninf.o(x$fpl$fnaninf)
    _fp_init                                 0x0800ab4b   Thumb Code    10  fpinit.o(x$fpl$fpinit)
    __fplib_config_fpu_vfp                   0x0800ab53   Thumb Code     0  fpinit.o(x$fpl$fpinit)
    __fplib_config_pureend_doubles           0x0800ab53   Thumb Code     0  fpinit.o(x$fpl$fpinit)
    __fpl_fretinf                            0x0800ab55   Thumb Code    10  fretinf.o(x$fpl$fretinf)
    _printf_fp_dec                           0x0800ab5f   Thumb Code     4  printf1.o(x$fpl$printf1)
    __I$use$fp                               0x0800ab62   Number         0  usenofp.o(x$fpl$usenofp)
    reg                                      0x0800ab64   Data          42  inv_mpu.o(.constdata)
    hw                                       0x0800ab8e   Data          14  inv_mpu.o(.constdata)
    test                                     0x0800ab9c   Data          40  inv_mpu.o(.constdata)
    __mathlib_zero                           0x0800b8a8   Data           8  qnan.o(.constdata)
    Region$$Table$$Base                      0x0800b944   Number         0  anon$$obj.o(Region$$Table)
    Region$$Table$$Limit                     0x0800b964   Number         0  anon$$obj.o(Region$$Table)
    SystemCoreClock                          0x20000000   Data           4  system_stm32f4xx.o(.data)
    AHBPrescTable                            0x20000004   Data          16  system_stm32f4xx.o(.data)
    OFF_                                     0x20000018   Data           8  ms5837.o(.data)
    Aux                                      0x20000020   Data           4  ms5837.o(.data)
    dT                                       0x20000028   Data           8  ms5837.o(.data)
    TEMP                                     0x20000030   Data           8  ms5837.o(.data)
    OFf                                      0x20000038   Data           8  ms5837.o(.data)
    SENS                                     0x20000040   Data           8  ms5837.o(.data)
    D1_Pres                                  0x20000048   Data           4  ms5837.o(.data)
    D2_Temp                                  0x2000004c   Data           4  ms5837.o(.data)
    Pressure                                 0x20000050   Data           4  ms5837.o(.data)
    Pressure_old                             0x20000054   Data           4  ms5837.o(.data)
    qqp                                      0x20000058   Data           4  ms5837.o(.data)
    Wdodo                                    0x2000005c   Data           4  ms5837.o(.data)
    TEMP2                                    0x20000060   Data           4  ms5837.o(.data)
    T2                                       0x20000064   Data           4  ms5837.o(.data)
    OFF2                                     0x20000068   Data           4  ms5837.o(.data)
    SENS2                                    0x2000006c   Data           4  ms5837.o(.data)
    Deep                                     0x20000070   Data           4  ms5837.o(.data)
    Deep_Tar                                 0x20000074   Data           4  ms5837.o(.data)
    Pitch                                    0x200000b0   Data           4  send_ypr.o(.data)
    Roll                                     0x200000b4   Data           4  send_ypr.o(.data)
    Yaw                                      0x200000b8   Data           4  send_ypr.o(.data)
    pitch_now                                0x200000bc   Data           4  send_ypr.o(.data)
    roll_now                                 0x200000c0   Data           4  send_ypr.o(.data)
    yaw_now                                  0x200000c4   Data           4  send_ypr.o(.data)
    temp                                     0x200000c8   Data           4  send_ypr.o(.data)
    q0                                       0x200000cc   Data           4  send_ypr.o(.data)
    q1                                       0x200000d0   Data           4  send_ypr.o(.data)
    q2                                       0x200000d4   Data           4  send_ypr.o(.data)
    q3                                       0x200000d8   Data           4  send_ypr.o(.data)
    rx_new                                   0x200000dc   Data           1  send_ypr.o(.data)
    gyro_orientation                         0x200000dd   Data           9  send_ypr.o(.data)
    sensor_timestamp                         0x200000e8   Data           4  send_ypr.o(.data)
    gyro                                     0x200000ec   Data           6  send_ypr.o(.data)
    accel                                    0x200000f2   Data           6  send_ypr.o(.data)
    sensors                                  0x200000f8   Data           2  send_ypr.o(.data)
    more                                     0x200000fa   Data           1  send_ypr.o(.data)
    T_X                                      0x200000fc   Data           2  send_ypr.o(.data)
    T_Y                                      0x200000fe   Data           2  send_ypr.o(.data)
    T_Z                                      0x20000100   Data           2  send_ypr.o(.data)
    Direction                                0x20000102   Data           2  send_ypr.o(.data)
    Balance_KP                               0x20000104   Data           4  balance_pwm.o(.data)
    Balance_KD                               0x20000108   Data           4  balance_pwm.o(.data)
    Deep_KP                                  0x2000010c   Data           4  balance_pwm.o(.data)
    Deep_KD                                  0x20000110   Data           4  balance_pwm.o(.data)
    Vertical_Pwm                             0x2000011c   Data           4  motor.o(.data)
    lzq                                      0x20000120   Data           4  motor.o(.data)
    LightPWM_                                0x20000124   Data           8  dataprotocol.o(.data)
    DeepLzq                                  0x2000012c   Data           4  dataprotocol.o(.data)
    ElcAndDir                                0x20000130   Data           8  dataprotocol.o(.data)
    Deep_Flag                                0x20000138   Data           1  dataprotocol.o(.data)
    Deep_Open                                0x20000139   Data           1  dataprotocol.o(.data)
    Gateway_IP                               0x2000013a   Data           4  w5500.o(.data)
    Sub_Mask                                 0x2000013e   Data           4  w5500.o(.data)
    Phy_Addr                                 0x20000142   Data           6  w5500.o(.data)
    IP_Addr                                  0x20000148   Data           4  w5500.o(.data)
    S0_Port                                  0x2000014c   Data           2  w5500.o(.data)
    S0_DIP                                   0x2000014e   Data           4  w5500.o(.data)
    S0_DPort                                 0x20000152   Data           2  w5500.o(.data)
    UDP_DIPR                                 0x20000154   Data           4  w5500.o(.data)
    UDP_DPORT                                0x20000158   Data           2  w5500.o(.data)
    S0_Mode                                  0x2000015a   Data           1  w5500.o(.data)
    S0_State                                 0x2000015b   Data           1  w5500.o(.data)
    S0_Data                                  0x2000015c   Data           1  w5500.o(.data)
    W5500_Interrupt                          0x2000015d   Data           1  w5500.o(.data)
    ifconnect                                0x20000160   Data           4  w5500control.o(.data)
    W5500_Send_Delay_Counter                 0x20000164   Data           4  w5500control.o(.data)
    Timer2_Counter                           0x20000168   Data           4  w5500control.o(.data)
    __stdout                                 0x20000170   Data           4  usart.o(.data)
    USART_RX_STA                             0x20000174   Data           2  usart.o(.data)
    Cal_C                                    0x20000188   Data          28  ms5837.o(.bss)
    Pres_BUFFER                              0x200001a4   Data          80  ms5837.o(.bss)
    Temp_BUFFER                              0x200001f4   Data          40  ms5837.o(.bss)
    hal                                      0x2000022c   Data          14  send_ypr.o(.bss)
    quat                                     0x2000023c   Data          16  send_ypr.o(.bss)
    BUF                                      0x2000024c   Data          10  send_ypr.o(.bss)
    Rov                                      0x20000258   Data          44  balance_pwm.o(.bss)
    MotorPWM_                                0x20000284   Data          32  dataprotocol.o(.bss)
    Motor_v                                  0x200002a4   Data          32  dataprotocol.o(.bss)
    PidData_                                 0x200002c4   Data          24  dataprotocol.o(.bss)
    ServoPWM_                                0x200002dc   Data          16  dataprotocol.o(.bss)
    ServoCurrent_                            0x200002ec   Data          16  dataprotocol.o(.bss)
    Rx_Buffer                                0x200002fc   Data        2048  w5500.o(.bss)
    Tx_Buffer                                0x20000afc   Data        2048  w5500.o(.bss)
    USART_RX_BUF                             0x200012fc   Data         200  usart.o(.bss)
    __libspace_start                         0x200013c4   Data          96  libspace.o(.bss)
    __temporary_stack_top$libspace           0x20001424   Data           0  libspace.o(.bss)



==============================================================================

Memory Map of the image

  Image Entry point : 0x08000189

  Load Region LR_IROM1 (Base: 0x08000000, Size: 0x0000bb08, Max: 0x00080000, ABSOLUTE, COMPRESSED[0x0000b9b8])

    Execution Region ER_IROM1 (Base: 0x08000000, Size: 0x0000b980, Max: 0x00080000, ABSOLUTE)

    Base Addr    Size         Type   Attr      Idx    E Section Name        Object

    0x08000000   0x00000188   Data   RO          699    RESET               startup_stm32f40_41xxx.o
    0x08000188   0x00000008   Code   RO         1179  * !!!main             c_w.l(__main.o)
    0x08000190   0x00000034   Code   RO         1539    !!!scatter          c_w.l(__scatter.o)
    0x080001c4   0x0000005a   Code   RO         1537    !!dczerorl2         c_w.l(__dczerorl2.o)
    0x0800021e   0x00000002   PAD
    0x08000220   0x0000001c   Code   RO         1541    !!handler_zi        c_w.l(__scatter_zi.o)
    0x0800023c   0x00000000   Code   RO         1170    .ARM.Collect$$_printf_percent$$00000000  c_w.l(_printf_percent.o)
    0x0800023c   0x00000006   Code   RO         1169    .ARM.Collect$$_printf_percent$$00000003  c_w.l(_printf_f.o)
    0x08000242   0x00000006   Code   RO         1168    .ARM.Collect$$_printf_percent$$00000009  c_w.l(_printf_d.o)
    0x08000248   0x00000004   Code   RO         1254    .ARM.Collect$$_printf_percent$$00000017  c_w.l(_printf_percent_end.o)
    0x0800024c   0x00000002   Code   RO         1412    .ARM.Collect$$libinit$$00000000  c_w.l(libinit.o)
    0x0800024e   0x00000004   Code   RO         1413    .ARM.Collect$$libinit$$00000001  c_w.l(libinit2.o)
    0x08000252   0x00000000   Code   RO         1416    .ARM.Collect$$libinit$$00000004  c_w.l(libinit2.o)
    0x08000252   0x00000000   Code   RO         1419    .ARM.Collect$$libinit$$0000000A  c_w.l(libinit2.o)
    0x08000252   0x00000000   Code   RO         1421    .ARM.Collect$$libinit$$0000000C  c_w.l(libinit2.o)
    0x08000252   0x00000000   Code   RO         1423    .ARM.Collect$$libinit$$0000000E  c_w.l(libinit2.o)
    0x08000252   0x00000006   Code   RO         1424    .ARM.Collect$$libinit$$0000000F  c_w.l(libinit2.o)
    0x08000258   0x00000000   Code   RO         1426    .ARM.Collect$$libinit$$00000011  c_w.l(libinit2.o)
    0x08000258   0x00000000   Code   RO         1428    .ARM.Collect$$libinit$$00000013  c_w.l(libinit2.o)
    0x08000258   0x00000000   Code   RO         1430    .ARM.Collect$$libinit$$00000015  c_w.l(libinit2.o)
    0x08000258   0x0000000a   Code   RO         1431    .ARM.Collect$$libinit$$00000016  c_w.l(libinit2.o)
    0x08000262   0x00000000   Code   RO         1432    .ARM.Collect$$libinit$$00000017  c_w.l(libinit2.o)
    0x08000262   0x00000000   Code   RO         1434    .ARM.Collect$$libinit$$00000019  c_w.l(libinit2.o)
    0x08000262   0x00000000   Code   RO         1436    .ARM.Collect$$libinit$$0000001B  c_w.l(libinit2.o)
    0x08000262   0x00000000   Code   RO         1438    .ARM.Collect$$libinit$$0000001D  c_w.l(libinit2.o)
    0x08000262   0x00000000   Code   RO         1440    .ARM.Collect$$libinit$$0000001F  c_w.l(libinit2.o)
    0x08000262   0x00000000   Code   RO         1442    .ARM.Collect$$libinit$$00000021  c_w.l(libinit2.o)
    0x08000262   0x00000000   Code   RO         1444    .ARM.Collect$$libinit$$00000023  c_w.l(libinit2.o)
    0x08000262   0x00000000   Code   RO         1446    .ARM.Collect$$libinit$$00000025  c_w.l(libinit2.o)
    0x08000262   0x00000000   Code   RO         1450    .ARM.Collect$$libinit$$0000002C  c_w.l(libinit2.o)
    0x08000262   0x00000000   Code   RO         1452    .ARM.Collect$$libinit$$0000002E  c_w.l(libinit2.o)
    0x08000262   0x00000000   Code   RO         1454    .ARM.Collect$$libinit$$00000030  c_w.l(libinit2.o)
    0x08000262   0x00000000   Code   RO         1456    .ARM.Collect$$libinit$$00000032  c_w.l(libinit2.o)
    0x08000262   0x00000002   Code   RO         1457    .ARM.Collect$$libinit$$00000033  c_w.l(libinit2.o)
    0x08000264   0x00000002   Code   RO         1501    .ARM.Collect$$libshutdown$$00000000  c_w.l(libshutdown.o)
    0x08000266   0x00000000   Code   RO         1520    .ARM.Collect$$libshutdown$$00000002  c_w.l(libshutdown2.o)
    0x08000266   0x00000000   Code   RO         1522    .ARM.Collect$$libshutdown$$00000004  c_w.l(libshutdown2.o)
    0x08000266   0x00000000   Code   RO         1525    .ARM.Collect$$libshutdown$$00000007  c_w.l(libshutdown2.o)
    0x08000266   0x00000000   Code   RO         1528    .ARM.Collect$$libshutdown$$0000000A  c_w.l(libshutdown2.o)
    0x08000266   0x00000000   Code   RO         1530    .ARM.Collect$$libshutdown$$0000000C  c_w.l(libshutdown2.o)
    0x08000266   0x00000000   Code   RO         1533    .ARM.Collect$$libshutdown$$0000000F  c_w.l(libshutdown2.o)
    0x08000266   0x00000002   Code   RO         1534    .ARM.Collect$$libshutdown$$00000010  c_w.l(libshutdown2.o)
    0x08000268   0x00000000   Code   RO         1241    .ARM.Collect$$rtentry$$00000000  c_w.l(__rtentry.o)
    0x08000268   0x00000000   Code   RO         1320    .ARM.Collect$$rtentry$$00000002  c_w.l(__rtentry2.o)
    0x08000268   0x00000006   Code   RO         1332    .ARM.Collect$$rtentry$$00000004  c_w.l(__rtentry4.o)
    0x0800026e   0x00000000   Code   RO         1322    .ARM.Collect$$rtentry$$00000009  c_w.l(__rtentry2.o)
    0x0800026e   0x00000004   Code   RO         1323    .ARM.Collect$$rtentry$$0000000A  c_w.l(__rtentry2.o)
    0x08000272   0x00000000   Code   RO         1325    .ARM.Collect$$rtentry$$0000000C  c_w.l(__rtentry2.o)
    0x08000272   0x00000008   Code   RO         1326    .ARM.Collect$$rtentry$$0000000D  c_w.l(__rtentry2.o)
    0x0800027a   0x00000002   Code   RO         1460    .ARM.Collect$$rtexit$$00000000  c_w.l(rtexit.o)
    0x0800027c   0x00000000   Code   RO         1473    .ARM.Collect$$rtexit$$00000002  c_w.l(rtexit2.o)
    0x0800027c   0x00000004   Code   RO         1474    .ARM.Collect$$rtexit$$00000003  c_w.l(rtexit2.o)
    0x08000280   0x00000006   Code   RO         1475    .ARM.Collect$$rtexit$$00000004  c_w.l(rtexit2.o)
    0x08000286   0x00000002   PAD
    0x08000288   0x000000bc   Code   RO            3    .text               main.o
    0x08000344   0x0000001a   Code   RO          210    .text               stm32f4xx_it.o
    0x0800035e   0x00000002   PAD
    0x08000360   0x00000210   Code   RO          259    .text               system_stm32f4xx.o
    0x08000570   0x0000026c   Code   RO          285    .text               myiic.o
    0x080007dc   0x00000488   Code   RO          305    .text               ms5837.o
    0x08000c64   0x000003f0   Code   RO          332    .text               stm32_iic.o
    0x08001054   0x000020ce   Code   RO          352    .text               inv_mpu.o
    0x08003122   0x00000002   PAD
    0x08003124   0x00000d90   Code   RO          379    .text               inv_mpu_dmp_motion_driver.o
    0x08003eb4   0x000004c4   Code   RO          422    .text               send_ypr.o
    0x08004378   0x0000045c   Code   RO          450    .text               balance_pwm.o
    0x080047d4   0x000000f8   Code   RO          478    .text               timer.o
    0x080048cc   0x00000218   Code   RO          498    .text               motor.o
    0x08004ae4   0x000002d8   Code   RO          522    .text               system.o
    0x08004dbc   0x00000144   Code   RO          543    .text               dataprotocol.o
    0x08004f00   0x000009d4   Code   RO          571    .text               w5500.o
    0x080058d4   0x00000174   Code   RO          602    .text               w5500control.o
    0x08005a48   0x00000104   Code   RO          628    .text               delay.o
    0x08005b4c   0x00000514   Code   RO          668    .text               usart.o
    0x08006060   0x00000040   Code   RO          700    .text               startup_stm32f40_41xxx.o
    0x080060a0   0x000000e0   Code   RO          706    .text               misc.o
    0x08006180   0x00000294   Code   RO          726    .text               stm32f4xx_gpio.o
    0x08006414   0x00000454   Code   RO          746    .text               stm32f4xx_usart.o
    0x08006868   0x00000ca2   Code   RO          766    .text               stm32f4xx_tim.o
    0x0800750a   0x00000002   PAD
    0x0800750c   0x00000094   Code   RO          786    .text               stm32f4xx_syscfg.o
    0x080075a0   0x0000065c   Code   RO          806    .text               stm32f4xx_rcc.o
    0x08007bfc   0x00000480   Code   RO          828    .text               stm32f4xx_spi.o
    0x0800807c   0x00000110   Code   RO          888    .text               stm32f4xx_exti.o
    0x0800818c   0x00000002   Code   RO         1134    .text               c_w.l(use_no_semi_2.o)
    0x0800818e   0x000000ee   Code   RO         1136    .text               c_w.l(lludivv7m.o)
    0x0800827c   0x00000048   Code   RO         1138    .text               c_w.l(llsdiv.o)
    0x080082c4   0x00000018   Code   RO         1142    .text               c_w.l(noretval__2printf.o)
    0x080082dc   0x00000068   Code   RO         1144    .text               c_w.l(__printf.o)
    0x08008344   0x00000078   Code   RO         1146    .text               c_w.l(_printf_dec.o)
    0x080083bc   0x00000058   Code   RO         1171    .text               c_w.l(memcmp.o)
    0x08008414   0x00000064   Code   RO         1173    .text               c_w.l(rt_memcpy_w.o)
    0x08008478   0x00000010   Code   RO         1175    .text               c_w.l(aeabi_memset.o)
    0x08008488   0x00000006   Code   RO         1177    .text               c_w.l(heapauxi.o)
    0x0800848e   0x00000002   Code   RO         1239    .text               c_w.l(use_no_semi.o)
    0x08008490   0x00000016   Code   RO         1246    .text               c_w.l(_rserrno.o)
    0x080084a6   0x000000b2   Code   RO         1248    .text               c_w.l(_printf_intcommon.o)
    0x08008558   0x0000041e   Code   RO         1250    .text               c_w.l(_printf_fp_dec.o)
    0x08008976   0x00000002   PAD
    0x08008978   0x00000024   Code   RO         1252    .text               c_w.l(_printf_char_file.o)
    0x0800899c   0x00000044   Code   RO         1255    .text               c_w.l(rt_memclr.o)
    0x080089e0   0x00000008   Code   RO         1339    .text               c_w.l(rt_locale_intlibspace.o)
    0x080089e8   0x00000008   Code   RO         1344    .text               c_w.l(rt_errno_addr_intlibspace.o)
    0x080089f0   0x0000008a   Code   RO         1346    .text               c_w.l(lludiv10.o)
    0x08008a7a   0x00000002   PAD
    0x08008a7c   0x00000030   Code   RO         1348    .text               c_w.l(_printf_char_common.o)
    0x08008aac   0x00000080   Code   RO         1350    .text               c_w.l(_printf_fp_infnan.o)
    0x08008b2c   0x000000e4   Code   RO         1352    .text               c_w.l(bigflt0.o)
    0x08008c10   0x00000008   Code   RO         1377    .text               c_w.l(ferror.o)
    0x08008c18   0x0000004e   Code   RO         1384    .text               c_w.l(rt_memclr_w.o)
    0x08008c66   0x00000002   PAD
    0x08008c68   0x00000008   Code   RO         1392    .text               c_w.l(libspace.o)
    0x08008c70   0x0000004a   Code   RO         1395    .text               c_w.l(sys_stackheap_outer.o)
    0x08008cba   0x00000012   Code   RO         1399    .text               c_w.l(exit.o)
    0x08008ccc   0x00000080   Code   RO         1405    .text               c_w.l(strcmpv7m.o)
    0x08008d4c   0x0000003e   Code   RO         1355    CL$$btod_d2e        c_w.l(btod.o)
    0x08008d8a   0x00000046   Code   RO         1357    CL$$btod_d2e_denorm_low  c_w.l(btod.o)
    0x08008dd0   0x00000060   Code   RO         1356    CL$$btod_d2e_norm_op1  c_w.l(btod.o)
    0x08008e30   0x00000338   Code   RO         1365    CL$$btod_div_common  c_w.l(btod.o)
    0x08009168   0x000000dc   Code   RO         1362    CL$$btod_e2e        c_w.l(btod.o)
    0x08009244   0x0000002a   Code   RO         1359    CL$$btod_ediv       c_w.l(btod.o)
    0x0800926e   0x0000002a   Code   RO         1358    CL$$btod_emul       c_w.l(btod.o)
    0x08009298   0x00000244   Code   RO         1364    CL$$btod_mult_common  c_w.l(btod.o)
    0x080094dc   0x00000030   Code   RO         1302    i.__ARM_fpclassify  m_wm.l(fpclassify.o)
    0x0800950c   0x00000004   PAD
    0x08009510   0x00000360   Code   RO         1213    i.__hardfp_asin     m_wm.l(asin.o)
    0x08009870   0x000002d8   Code   RO         1268    i.__hardfp_atan     m_wm.l(atan.o)
    0x08009b48   0x000001f0   Code   RO         1227    i.__hardfp_atan2    m_wm.l(atan2.o)
    0x08009d38   0x000000f8   Code   RO         1304    i.__kernel_poly     m_wm.l(poly.o)
    0x08009e30   0x00000014   Code   RO         1283    i.__mathlib_dbl_infnan  m_wm.l(dunder.o)
    0x08009e44   0x00000014   Code   RO         1284    i.__mathlib_dbl_infnan2  m_wm.l(dunder.o)
    0x08009e58   0x00000020   Code   RO         1285    i.__mathlib_dbl_invalid  m_wm.l(dunder.o)
    0x08009e78   0x00000020   Code   RO         1288    i.__mathlib_dbl_underflow  m_wm.l(dunder.o)
    0x08009e98   0x00000010   Code   RO         1270    i.atan              m_wm.l(atan.o)
    0x08009ea8   0x00000018   Code   RO         1298    i.fabs              m_wm.l(fabs.o)
    0x08009ec0   0x0000006e   Code   RO         1309    i.sqrt              m_wm.l(sqrt.o)
    0x08009f2e   0x00000002   PAD
    0x08009f30   0x0000002c   Code   RO         1382    locale$$code        c_w.l(lc_numeric_c.o)
    0x08009f5c   0x00000018   Code   RO         1257    x$fpl$basic         fz_wm.l(basic.o)
    0x08009f74   0x00000062   Code   RO         1181    x$fpl$d2f           fz_wm.l(d2f.o)
    0x08009fd6   0x00000002   PAD
    0x08009fd8   0x00000150   Code   RO         1183    x$fpl$dadd          fz_wm.l(daddsub_clz.o)
    0x0800a128   0x000002b0   Code   RO         1190    x$fpl$ddiv          fz_wm.l(ddiv.o)
    0x0800a3d8   0x0000005e   Code   RO         1193    x$fpl$dfix          fz_wm.l(dfix.o)
    0x0800a436   0x00000002   PAD
    0x0800a438   0x0000005a   Code   RO         1197    x$fpl$dfixu         fz_wm.l(dfixu.o)
    0x0800a492   0x0000002e   Code   RO         1202    x$fpl$dflt          fz_wm.l(dflt_clz.o)
    0x0800a4c0   0x00000026   Code   RO         1201    x$fpl$dfltu         fz_wm.l(dflt_clz.o)
    0x0800a4e6   0x00000002   PAD
    0x0800a4e8   0x00000154   Code   RO         1207    x$fpl$dmul          fz_wm.l(dmul.o)
    0x0800a63c   0x0000009c   Code   RO         1259    x$fpl$dnaninf       fz_wm.l(dnaninf.o)
    0x0800a6d8   0x0000000c   Code   RO         1261    x$fpl$dretinf       fz_wm.l(dretinf.o)
    0x0800a6e4   0x00000016   Code   RO         1184    x$fpl$drsb          fz_wm.l(daddsub_clz.o)
    0x0800a6fa   0x00000002   PAD
    0x0800a6fc   0x00000198   Code   RO         1388    x$fpl$dsqrt         fz_wm.l(dsqrt_umaal.o)
    0x0800a894   0x000001d4   Code   RO         1185    x$fpl$dsub          fz_wm.l(daddsub_clz.o)
    0x0800aa68   0x00000056   Code   RO         1209    x$fpl$f2d           fz_wm.l(f2d.o)
    0x0800aabe   0x0000008c   Code   RO         1263    x$fpl$fnaninf       fz_wm.l(fnaninf.o)
    0x0800ab4a   0x0000000a   Code   RO         1470    x$fpl$fpinit        fz_wm.l(fpinit.o)
    0x0800ab54   0x0000000a   Code   RO         1265    x$fpl$fretinf       fz_wm.l(fretinf.o)
    0x0800ab5e   0x00000004   Code   RO         1211    x$fpl$printf1       fz_wm.l(printf1.o)
    0x0800ab62   0x00000000   Code   RO         1267    x$fpl$usenofp       fz_wm.l(usenofp.o)
    0x0800ab62   0x00000002   PAD
    0x0800ab64   0x00000060   Data   RO          353    .constdata          inv_mpu.o
    0x0800abc4   0x00000bf6   Data   RO          381    .constdata          inv_mpu_dmp_motion_driver.o
    0x0800b7ba   0x00000006   PAD
    0x0800b7c0   0x00000050   Data   RO         1216    .constdata          m_wm.l(asin.o)
    0x0800b810   0x00000098   Data   RO         1271    .constdata          m_wm.l(atan.o)
    0x0800b8a8   0x00000008   Data   RO         1306    .constdata          m_wm.l(qnan.o)
    0x0800b8b0   0x00000094   Data   RO         1353    .constdata          c_w.l(bigflt0.o)
    0x0800b944   0x00000020   Data   RO         1535    Region$$Table       anon$$obj.o
    0x0800b964   0x0000001c   Data   RO         1381    locale$$data        c_w.l(lc_numeric_c.o)


    Execution Region RW_IRAM1 (Base: 0x20000000, Size: 0x00001a28, Max: 0x00020000, ABSOLUTE, COMPRESSED[0x00000038])

    Base Addr    Size         Type   Attr      Idx    E Section Name        Object

    0x20000000   0x00000014   Data   RW          260    .data               system_stm32f4xx.o
    0x20000014   0x00000004   PAD
    0x20000018   0x00000060   Data   RW          307    .data               ms5837.o
    0x20000078   0x00000038   Data   RW          354    .data               inv_mpu.o
    0x200000b0   0x00000054   Data   RW          424    .data               send_ypr.o
    0x20000104   0x00000018   Data   RW          452    .data               balance_pwm.o
    0x2000011c   0x00000008   Data   RW          499    .data               motor.o
    0x20000124   0x00000016   Data   RW          545    .data               dataprotocol.o
    0x2000013a   0x00000024   Data   RW          573    .data               w5500.o
    0x2000015e   0x00000002   PAD
    0x20000160   0x0000000c   Data   RW          603    .data               w5500control.o
    0x2000016c   0x00000004   Data   RW          629    .data               delay.o
    0x20000170   0x00000006   Data   RW          670    .data               usart.o
    0x20000176   0x00000010   Data   RW          807    .data               stm32f4xx_rcc.o
    0x20000186   0x00000002   PAD
    0x20000188   0x00000094   Zero   RW          306    .bss                ms5837.o
    0x2000021c   0x00000010   Zero   RW          380    .bss                inv_mpu_dmp_motion_driver.o
    0x2000022c   0x0000002a   Zero   RW          423    .bss                send_ypr.o
    0x20000256   0x00000002   PAD
    0x20000258   0x0000002c   Zero   RW          451    .bss                balance_pwm.o
    0x20000284   0x00000078   Zero   RW          544    .bss                dataprotocol.o
    0x200002fc   0x00001000   Zero   RW          572    .bss                w5500.o
    0x200012fc   0x000000c8   Zero   RW          669    .bss                usart.o
    0x200013c4   0x00000060   Zero   RW         1393    .bss                c_w.l(libspace.o)
    0x20001424   0x00000004   PAD
    0x20001428   0x00000200   Zero   RW          698    HEAP                startup_stm32f40_41xxx.o
    0x20001628   0x00000400   Zero   RW          697    STACK               startup_stm32f40_41xxx.o


==============================================================================

Image component sizes


      Code (inc. data)   RO Data    RW Data    ZI Data      Debug   Object Name

      1116        188          0         24         44       2237   balance_pwm.o
       324         84          0         22        120       2662   dataprotocol.o
       260          8          0          4          0       1581   delay.o
      8398         98         96         56          0      23600   inv_mpu.o
      3472        142       3062          0         16      15691   inv_mpu_dmp_motion_driver.o
       188         20          0          0          0     300133   main.o
       224         20          0          0          0       1917   misc.o
       536         42          0          8          0       3492   motor.o
      1160         76          0         96        148       4128   ms5837.o
       620         12          0          0          0       1972   myiic.o
      1220        160          0         84         42       2983   send_ypr.o
        64         26        392          0       1536        868   startup_stm32f40_41xxx.o
      1008         10          0          0          0       4714   stm32_iic.o
       272         10          0          0          0       2387   stm32f4xx_exti.o
       660         44          0          0          0       4257   stm32f4xx_gpio.o
        26          0          0          0          0       1274   stm32f4xx_it.o
      1628         52          0         16          0      13184   stm32f4xx_rcc.o
      1152         36          0          0          0       7009   stm32f4xx_spi.o
       148         12          0          0          0       1893   stm32f4xx_syscfg.o
      3234         60          0          0          0      23116   stm32f4xx_tim.o
      1108         34          0          0          0       7984   stm32f4xx_usart.o
       728        278          0          0          0       1676   system.o
       528         46          0         20          0       1927   system_stm32f4xx.o
       248         16          0          0          0       1204   timer.o
      1300         56          0          6        200       5898   usart.o
      2516         78          0         36       4096       9495   w5500.o
       372         34          0         12          0       3464   w5500control.o

    ----------------------------------------------------------------------
     32516       1642       3588        392       6204     450746   Object Totals
         0          0         32          0          0          0   (incl. Generated)
         6          0          6          8          2          0   (incl. Padding)

    ----------------------------------------------------------------------

      Code (inc. data)   RO Data    RW Data    ZI Data      Debug   Library Member Name

        90          0          0          0          0          0   __dczerorl2.o
         8          0          0          0          0         68   __main.o
       104          0          0          0          0         84   __printf.o
         0          0          0          0          0          0   __rtentry.o
        12          0          0          0          0          0   __rtentry2.o
         6          0          0          0          0          0   __rtentry4.o
        52          8          0          0          0          0   __scatter.o
        28          0          0          0          0          0   __scatter_zi.o
        48          6          0          0          0         96   _printf_char_common.o
        36          4          0          0          0         80   _printf_char_file.o
         6          0          0          0          0          0   _printf_d.o
       120         16          0          0          0         92   _printf_dec.o
         6          0          0          0          0          0   _printf_f.o
      1054          0          0          0          0        216   _printf_fp_dec.o
       128         16          0          0          0         84   _printf_fp_infnan.o
       178          0          0          0          0         88   _printf_intcommon.o
         0          0          0          0          0          0   _printf_percent.o
         4          0          0          0          0          0   _printf_percent_end.o
        22          0          0          0          0        100   _rserrno.o
        16          0          0          0          0         68   aeabi_memset.o
       228          4        148          0          0         96   bigflt0.o
      1936        128          0          0          0        672   btod.o
        18          0          0          0          0         80   exit.o
         8          0          0          0          0         68   ferror.o
         6          0          0          0          0        152   heapauxi.o
        44         10         28          0          0         76   lc_numeric_c.o
         2          0          0          0          0          0   libinit.o
        22          0          0          0          0          0   libinit2.o
         2          0          0          0          0          0   libshutdown.o
         2          0          0          0          0          0   libshutdown2.o
         8          4          0          0         96         68   libspace.o
        72          0          0          0          0         76   llsdiv.o
       138          0          0          0          0         80   lludiv10.o
       238          0          0          0          0        100   lludivv7m.o
        88          0          0          0          0         76   memcmp.o
        24          4          0          0          0         84   noretval__2printf.o
         8          4          0          0          0         68   rt_errno_addr_intlibspace.o
         8          4          0          0          0         68   rt_locale_intlibspace.o
        68          0          0          0          0         68   rt_memclr.o
        78          0          0          0          0         80   rt_memclr_w.o
       100          0          0          0          0         80   rt_memcpy_w.o
         2          0          0          0          0          0   rtexit.o
        10          0          0          0          0          0   rtexit2.o
       128          0          0          0          0         68   strcmpv7m.o
        74          0          0          0          0         80   sys_stackheap_outer.o
         2          0          0          0          0         68   use_no_semi.o
         2          0          0          0          0         68   use_no_semi_2.o
        24          0          0          0          0        164   basic.o
        98          4          0          0          0        140   d2f.o
       826         16          0          0          0        492   daddsub_clz.o
       688        140          0          0          0        256   ddiv.o
        94          4          0          0          0        140   dfix.o
        90          4          0          0          0        140   dfixu.o
        84          0          0          0          0        232   dflt_clz.o
       340         12          0          0          0        152   dmul.o
       156          4          0          0          0        140   dnaninf.o
        12          0          0          0          0        116   dretinf.o
       408         56          0          0          0        168   dsqrt_umaal.o
        86          4          0          0          0        132   f2d.o
       140          4          0          0          0        132   fnaninf.o
        10          0          0          0          0        116   fpinit.o
        10          0          0          0          0        116   fretinf.o
         4          0          0          0          0        116   printf1.o
         0          0          0          0          0          0   usenofp.o
       864         94         80          0          0        280   asin.o
       744        106        152          0          0        352   atan.o
       496         64          0          0          0        192   atan2.o
       104         16          0          0          0        496   dunder.o
        24          0          0          0          0        124   fabs.o
        48          0          0          0          0        124   fpclassify.o
       248          0          0          0          0        152   poly.o
         0          0          8          0          0          0   qnan.o
       110          0          0          0          0        148   sqrt.o

    ----------------------------------------------------------------------
     10968        736        416          0        100       7872   Library Totals
        26          0          0          0          4          0   (incl. Padding)

    ----------------------------------------------------------------------

      Code (inc. data)   RO Data    RW Data    ZI Data      Debug   Library Name

      5234        208        176          0         96       3252   c_w.l
      3070        248          0          0          0       2752   fz_wm.l
      2638        280        240          0          0       1868   m_wm.l

    ----------------------------------------------------------------------
     10968        736        416          0        100       7872   Library Totals

    ----------------------------------------------------------------------

==============================================================================


      Code (inc. data)   RO Data    RW Data    ZI Data      Debug   

     43484       2378       4004        392       6304     448098   Grand Totals
     43484       2378       4004         56       6304     448098   ELF Image Totals (compressed)
     43484       2378       4004         56          0          0   ROM Totals

==============================================================================

    Total RO  Size (Code + RO Data)                47488 (  46.38kB)
    Total RW  Size (RW Data + ZI Data)              6696 (   6.54kB)
    Total ROM Size (Code + RO Data + RW Data)      47544 (  46.43kB)

==============================================================================

