<html>
<body>
<pre>
<h1>礦ision Build Log</h1>
<h2>Tool Versions:</h2>
IDE-Version: μVision V5.14.2
Copyright (C) 2015 ARM Ltd and ARM Germany GmbH. All rights reserved.
License Information: Cortex-M4, HP Inc., LIC=Z3CSB-2VB77-WIG5K-ZJSS0-ZPP1Q-FJZ0B
 
Tool Versions:
Toolchain:       MDK-ARM Professional  Version: 5.30.0.0
Toolchain Path:  D:\software\MDK5\ARM\ARMCC\Bin
C Compiler:      Armcc.exe V5.06 update 6 (build 750)
Assembler:       Armasm.exe V5.06 update 6 (build 750)
Linker/Locator:  ArmLink.exe V5.06 update 6 (build 750)
Library Manager: ArmAr.exe V5.06 update 6 (build 750)
Hex Converter:   FromElf.exe V5.06 update 6 (build 750)
CPU DLL:         SARMCM3.DLL V5.30.0.0
Dialog DLL:      DCM.DLL V1.17.3.0
Target DLL:      CMSIS_AGDI.dll V1.32.5.0
Dialog DLL:      TCM.DLL V1.42.0.0
 
<h2>Project:</h2>
E:\HCROV20210427\最新12.21\水下机器人测试3.18\HC_ROV主控11.15平衡&水平运动\USER\HCROV.uvprojx
Project File Date:  12/22/2021

<h2>Output:</h2>
*** Using Compiler 'V5.06 update 6 (build 750)', folder: 'D:\software\MDK5\ARM\ARMCC\Bin'
Build target 'HCROV'
compiling system.c...
..\HARDWARE\IIC\stm32_iic.h(18): warning:  #47-D: incompatible redefinition of macro "TRUE"  (declared at line 201 of "..\HARDWARE\W5500\W5500.h")
  #define TRUE  0
..\HARDWARE\IIC\stm32_iic.h(19): warning:  #47-D: incompatible redefinition of macro "FALSE"  (declared at line 202 of "..\HARDWARE\W5500\W5500.h")
  #define FALSE -1
..\HARDWARE\system\system.h(23): warning:  #1295-D: Deprecated declaration UpdataPid - give arg types
  void UpdataPid();
..\HARDWARE\system\system.c: 3 warnings, 0 errors
linking...
Program Size: Code=43484 RO-data=4004 RW-data=392 ZI-data=6304  
FromELF: creating hex file...
"..\OBJ\PWM.axf" - 0 Error(s), 3 Warning(s).

<h2>Collection of Component include folders:</h2>
  E:\HCROV20210427\最新12.21\水下机器人测试3.18\HC_ROV主控11.15平衡&水平运动\USER\RTE
  D:\software\MDK5\ARM\PACK\Keil\STM32F4xx_DFP\2.15.0\Drivers\CMSIS\Device\ST\STM32F4xx\Include

<h2>Collection of Component Files used:</h2>
</pre>
</body>
</html>
