<html>
<body>
<pre>
<h1>礦ision Build Log</h1>
<h2>Tool Versions:</h2>
IDE-Version: μVision V5.14.2
Copyright (C) 2015 ARM Ltd and ARM Germany GmbH. All rights reserved.
License Information: Cortex-M3, HP Inc., LIC=Z3CSB-2VB77-WIG5K-ZJSS0-ZPP1Q-FJZ0B
 
Tool Versions:
Toolchain:       MDK-ARM Professional  Version: 5.30.0.0
Toolchain Path:  D:\software\MDK5\ARM\ARMCC\Bin
C Compiler:      Armcc.exe V5.06 update 6 (build 750)
Assembler:       Armasm.exe V5.06 update 6 (build 750)
Linker/Locator:  ArmLink.exe V5.06 update 6 (build 750)
Library Manager: ArmAr.exe V5.06 update 6 (build 750)
Hex Converter:   FromElf.exe V5.06 update 6 (build 750)
CPU DLL:         SARMCM3.DLL V5.30.0.0
Dialog DLL:      DCM.DLL V1.17.3.0
Target DLL:      STLink\ST-LINKIII-KEIL_SWO.dll V3.0.7.0
Dialog DLL:      TCM.DLL V1.42.0.0
 
<h2>Project:</h2>
E:\HCROV20210427\最新12.21\水下机器人机械臂控制12.21\user\水下机器人电调控制v1.0.uvprojx
Project File Date:  12/20/2021

<h2>Output:</h2>
*** Using Compiler 'V5.06 update 6 (build 750)', folder: 'D:\software\MDK5\ARM\ARMCC\Bin'
Build target 'Target'
compiling main.c...
..\HARDWARE\MOTOR_P_N\MOTOR_P_N.h(13): warning:  #1-D: last line of file ends without a newline
  void motorIO_init(void);
main.c(27): warning:  #177-D: variable "aaa"  was declared but never referenced
        int aaa=500;
main.c(28): warning:  #177-D: variable "i"  was declared but never referenced
        int i=0;
main.c: 3 warnings, 0 errors
linking...
Program Size: Code=10096 RO-data=784 RW-data=64 ZI-data=2680  
FromELF: creating hex file...
"..\OBJ\test.axf" - 0 Error(s), 3 Warning(s).

<h2>Collection of Component include folders:</h2>
  E:\HCROV20210427\最新12.21\水下机器人机械臂控制12.21\user\RTE
  D:\software\MDK5\ARM\PACK\Keil\STM32F1xx_DFP\2.3.0\Device\Include

<h2>Collection of Component Files used:</h2>
</pre>
</body>
</html>
